\BOOKMARK [0][-]{chapter.1}{\376\377\000I\000n\000t\000r\000o\000d\000u\000c\000t\000i\000o\000n}{}% 1
\BOOKMARK [1][-]{section.1.1}{\376\377\000C\000o\000n\000t\000e\000x\000t\000e\000\040\000h\000i\000s\000t\000o\000r\000i\000q\000u\000e\000\040\000e\000t\000\040\000t\000e\000c\000h\000n\000i\000q\000u\000e\000\040\000d\000e\000\040\000l\000a\000\040\000g\000u\000e\000r\000r\000e\000\040\000\351\000l\000e\000c\000t\000r\000o\000n\000i\000q\000u\000e}{chapter.1}% 2
\BOOKMARK [2][-]{subsection.1.1.1}{\376\377\000D\000\351\000b\000u\000t\000\040\000d\000e\000s\000\040\000c\000o\000n\000t\000r\000e\000s\000-\000m\000e\000s\000u\000r\000e\000s}{section.1.1}% 3
\BOOKMARK [2][-]{subsection.1.1.2}{\376\377\000A\000p\000p\000a\000r\000i\000t\000i\000o\000n\000\040\000d\000e\000\040\000l\000'\000a\000g\000i\000l\000i\000t\000\351\000\040\000f\000r\000\351\000q\000u\000e\000n\000t\000i\000e\000l\000l\000e}{section.1.1}% 4
\BOOKMARK [2][-]{subsection.1.1.3}{\376\377\000L\000a\000\040\000c\000o\000h\000\351\000r\000e\000n\000c\000e\000,\000\040\000l\000e\000\040\000D\000o\000p\000p\000l\000e\000r\000\040\000e\000t\000\040\000l\000'\000a\000n\000a\000l\000y\000s\000e\000\040\000f\000i\000n\000e}{section.1.1}% 5
\BOOKMARK [2][-]{subsection.1.1.4}{\376\377\000C\000o\000m\000p\000l\000e\000x\000i\000t\000\351\000\040\000m\000o\000d\000e\000r\000n\000e\000\040\000e\000t\000\040\000r\000\364\000l\000e\000\040\000d\000e\000\040\000l\000'\000E\000L\000I\000N\000T}{section.1.1}% 6
\BOOKMARK [1][-]{section.1.2}{\376\377\000R\000\364\000l\000e\000\040\000d\000u\000\040\000c\000a\000p\000t\000e\000u\000r\000\040\000E\000S\000M\000\040\000e\000t\000\040\000c\000h\000a\000i\000n\000e\000\040\000d\000e\000\040\000r\000e\000n\000s\000e\000i\000g\000n\000e\000m\000e\000n\000t}{chapter.1}% 7
\BOOKMARK [2][-]{subsection.1.2.1}{\376\377\000P\000r\000i\000n\000c\000i\000p\000e\000\040\000d\000'\000i\000n\000t\000e\000r\000c\000e\000p\000t\000i\000o\000n\000\040\000e\000t\000\040\000c\000a\000r\000a\000c\000t\000\351\000r\000i\000s\000a\000t\000i\000o\000n\000\040\000\050\000P\000D\000W\000\051}{section.1.2}% 8
\BOOKMARK [2][-]{subsection.1.2.2}{\376\377\000N\000i\000v\000e\000a\000u\000x\000\040\000d\000'\000e\000x\000p\000l\000o\000i\000t\000a\000t\000i\000o\000n\000\040\000d\000u\000\040\000r\000e\000n\000s\000e\000i\000g\000n\000e\000m\000e\000n\000t}{section.1.2}% 9
\BOOKMARK [1][-]{section.1.3}{\376\377\000L\000e\000\040\000b\000e\000s\000o\000i\000n\000\040\000d\000e\000\040\000s\000i\000m\000u\000l\000a\000t\000i\000o\000n\000\040\000e\000t\000\040\000l\000a\000\040\000p\000r\000o\000b\000l\000\351\000m\000a\000t\000i\000q\000u\000e\000\040\000d\000'\000a\000c\000c\000\351\000l\000\351\000r\000a\000t\000i\000o\000n}{chapter.1}% 10
\BOOKMARK [2][-]{subsection.1.3.1}{\376\377\000L\000'\000i\000m\000p\000\351\000r\000a\000t\000i\000f\000\040\000d\000e\000\040\000l\000a\000\040\000s\000i\000m\000u\000l\000a\000t\000i\000o\000n\000\040\000n\000u\000m\000\351\000r\000i\000q\000u\000e}{section.1.3}% 11
\BOOKMARK [2][-]{subsection.1.3.2}{\376\377\000L\000i\000m\000i\000t\000e\000s\000\040\000e\000t\000\040\000d\000\351\000f\000i\000n\000i\000t\000i\000o\000n\000\040\000d\000e\000\040\000l\000a\000\040\000p\000r\000o\000b\000l\000\351\000m\000a\000t\000i\000q\000u\000e}{section.1.3}% 12
\BOOKMARK [1][-]{section.1.4}{\376\377\000O\000r\000g\000a\000n\000i\000s\000a\000t\000i\000o\000n\000\040\000d\000u\000\040\000m\000a\000n\000u\000s\000c\000r\000i\000t}{chapter.1}% 13
\BOOKMARK [0][-]{chapter.2}{\376\377\000P\000r\000o\000b\000l\000\351\000m\000a\000t\000i\000q\000u\000e}{}% 14
\BOOKMARK [1][-]{section.2.1}{\376\377\000I\000n\000t\000r\000o\000d\000u\000c\000t\000i\000o\000n}{chapter.2}% 15
\BOOKMARK [1][-]{section.2.2}{\376\377\000D\000e\000s\000c\000r\000i\000p\000t\000i\000o\000n\000\040\000d\000e\000\040\000l\000'\000i\000n\000t\000\351\000g\000r\000a\000t\000i\000o\000n\000\040\000d\000u\000\040\000c\000a\000p\000t\000e\000u\000r\000\040\000d\000e\000\040\000M\000e\000s\000u\000r\000e\000s\000\040\000d\000e\000\040\000S\000o\000u\000t\000i\000e\000n\000\040\000\311\000l\000e\000c\000t\000r\000o\000n\000i\000q\000u\000e\000\040\000e\000t\000\040\000s\000o\000n\000\040\000f\000o\000n\000c\000t\000i\000o\000n\000n\000e\000m\000e\000n\000t}{chapter.2}% 16
\BOOKMARK [2][-]{subsection.2.2.1}{\376\377\000C\000o\000n\000t\000e\000x\000t\000e\000\040\000o\000p\000\351\000r\000a\000t\000i\000o\000n\000n\000e\000l\000\040\000:\000\040\000L\000a\000\040\000m\000a\000\356\000t\000r\000i\000s\000e\000\040\000d\000u\000\040\000s\000p\000e\000c\000t\000r\000e\000\040\000\351\000l\000e\000c\000t\000r\000o\000m\000a\000g\000n\000\351\000t\000i\000q\000u\000e}{section.2.2}% 17
\BOOKMARK [2][-]{subsection.2.2.2}{\376\377\000C\000h\000a\000\356\000n\000e\000\040\000d\000e\000\040\000t\000r\000a\000i\000t\000e\000m\000e\000n\000t\000\040\000d\000e\000\040\000l\000'\000i\000n\000f\000o\000r\000m\000a\000t\000i\000o\000n}{section.2.2}% 18
\BOOKMARK [2][-]{subsection.2.2.3}{\376\377\000A\000r\000c\000h\000i\000t\000e\000c\000t\000u\000r\000e\000\040\000e\000t\000\040\000f\000o\000n\000c\000t\000i\000o\000n\000n\000e\000m\000e\000n\000t\000\040\000d\000u\000\040\000c\000a\000p\000t\000e\000u\000r}{section.2.2}% 19
\BOOKMARK [1][-]{section.2.3}{\376\377\000D\000e\000s\000c\000r\000i\000p\000t\000i\000o\000n\000\040\000d\000e\000\040\000l\000'\000e\000n\000v\000i\000r\000o\000n\000n\000e\000m\000e\000n\000t\000\040\000v\000i\000r\000t\000u\000e\000l}{chapter.2}% 20
\BOOKMARK [2][-]{subsection.2.3.1}{\376\377\000M\000o\000t\000i\000v\000a\000t\000i\000o\000n\000s}{section.2.3}% 21
\BOOKMARK [2][-]{subsection.2.3.2}{\376\377\000A\000r\000c\000h\000i\000t\000e\000c\000t\000u\000r\000e\000\040\000e\000t\000\040\000f\000o\000n\000c\000t\000i\000o\000n\000n\000e\000m\000e\000n\000t\000\040\000d\000e\000\040\000l\000'\000e\000n\000v\000i\000r\000o\000n\000n\000e\000m\000e\000n\000t\000\040\000v\000i\000r\000t\000u\000e\000l}{section.2.3}% 22
\BOOKMARK [1][-]{section.2.4}{\376\377\000I\000d\000e\000n\000t\000i\000f\000i\000c\000a\000t\000i\000o\000n\000\040\000d\000u\000\040\000g\000o\000u\000l\000o\000t\000\040\000d\000'\000\351\000t\000r\000a\000n\000g\000l\000e\000m\000e\000n\000t\000\040\000e\000t\000\040\000l\000i\000m\000i\000t\000e\000s\000\040\000o\000p\000\351\000r\000a\000t\000i\000o\000n\000n\000e\000l\000l\000e\000s}{chapter.2}% 23
\BOOKMARK [2][-]{subsection.2.4.1}{\376\377\000L\000'\000i\000m\000p\000\351\000r\000a\000t\000i\000f\000\040\000d\000e\000\040\000t\000e\000m\000p\000s\000\040\000r\000\351\000e\000l\000\040\000e\000t\000\040\000l\000e\000\040\000c\000o\000\373\000t\000\040\000d\000e\000\040\000l\000a\000\040\000s\000i\000m\000u\000l\000a\000t\000i\000o\000n}{section.2.4}% 24
\BOOKMARK [2][-]{subsection.2.4.2}{\376\377\000A\000n\000a\000l\000y\000s\000e\000\040\000d\000e\000\040\000l\000a\000\040\000c\000o\000m\000p\000l\000e\000x\000i\000t\000\351\000\040\000e\000t\000\040\000l\000o\000c\000a\000l\000i\000s\000a\000t\000i\000o\000n\000\040\000d\000u\000\040\000v\000e\000r\000r\000o\000u}{section.2.4}% 25
\BOOKMARK [1][-]{section.2.5}{\376\377\000F\000o\000r\000m\000a\000l\000i\000s\000a\000t\000i\000o\000n\000\040\000e\000t\000\040\000c\000o\000m\000p\000l\000e\000x\000i\000t\000\351\000\040\000d\000u\000\040\000p\000r\000o\000b\000l\000\350\000m\000e\000\040\000d\000'\000a\000p\000p\000r\000e\000n\000t\000i\000s\000s\000a\000g\000e}{chapter.2}% 26
\BOOKMARK [2][-]{subsection.2.5.1}{\376\377\000N\000a\000t\000u\000r\000e\000\040\000d\000e\000s\000\040\000d\000o\000n\000n\000\351\000e\000s\000\040\000e\000t\000\040\000d\000\351\000f\000i\000n\000i\000t\000i\000o\000n\000\040\000f\000o\000r\000m\000e\000l\000l\000e\000\040\000d\000e\000\040\000l\000a\000\040\000t\000\342\000c\000h\000e}{section.2.5}% 27
\BOOKMARK [2][-]{subsection.2.5.2}{\376\377\000U\000n\000e\000\040\000d\000o\000u\000b\000l\000e\000\040\000p\000r\000o\000b\000l\000\351\000m\000a\000t\000i\000q\000u\000e\000\040\000:\000\040\000T\000r\000a\000i\000t\000e\000m\000e\000n\000t\000\040\000d\000e\000\040\000s\000\351\000q\000u\000e\000n\000c\000e\000\040\000e\000t\000\040\000G\000\351\000n\000\351\000r\000a\000t\000i\000o\000n}{section.2.5}% 28
\BOOKMARK [0][-]{chapter.3}{\376\377\000\311\000t\000a\000t\000\040\000d\000e\000\040\000l\000'\000a\000r\000t}{}% 29
\BOOKMARK [1][-]{section.3.1}{\376\377\000E\000n\000v\000i\000r\000o\000n\000n\000e\000m\000e\000n\000t\000s\000\040\000N\000u\000m\000\351\000r\000i\000q\000u\000e\000s\000\040\000e\000t\000\040\000f\000o\000n\000d\000e\000m\000e\000n\000t\000s\000\040\000d\000e\000\040\000l\000'\000I\000n\000t\000e\000l\000l\000i\000g\000e\000n\000c\000e\000\040\000A\000r\000t\000i\000f\000i\000c\000i\000e\000l\000l\000e}{chapter.3}% 30
\BOOKMARK [2][-]{subsection.3.1.1}{\376\377\000D\000i\000s\000t\000i\000n\000c\000t\000i\000o\000n\000\040\000c\000o\000n\000c\000e\000p\000t\000u\000e\000l\000l\000e\000\040\000:\000\040\000E\000n\000v\000i\000r\000o\000n\000n\000e\000m\000e\000n\000t\000\040\000V\000i\000r\000t\000u\000e\000l\000\040\000e\000t\000\040\000J\000u\000m\000e\000a\000u\000\040\000N\000u\000m\000\351\000r\000i\000q\000u\000e}{section.3.1}% 31
\BOOKMARK [2][-]{subsection.3.1.2}{\376\377\000P\000r\000i\000n\000c\000i\000p\000e\000s\000\040\000m\000a\000t\000h\000\351\000m\000a\000t\000i\000q\000u\000e\000s\000\040\000d\000e\000\040\000l\000'\000A\000p\000p\000r\000e\000n\000t\000i\000s\000s\000a\000g\000e\000\040\000P\000r\000o\000f\000o\000n\000d}{section.3.1}% 32
\BOOKMARK [2][-]{subsection.3.1.3}{\376\377\000L\000'\000I\000A\000\040\000p\000o\000u\000r\000\040\000l\000a\000\040\000c\000o\000n\000s\000t\000i\000t\000u\000t\000i\000o\000n\000\040\000g\000\351\000o\000m\000\351\000t\000r\000i\000q\000u\000e\000\040\000e\000t\000\040\000v\000i\000s\000u\000e\000l\000l\000e\000\040\000d\000e\000\040\000l\000'\000e\000n\000v\000i\000r\000o\000n\000n\000e\000m\000e\000n\000t}{section.3.1}% 33
\BOOKMARK [2][-]{subsection.3.1.4}{\376\377\000L\000'\000I\000A\000\040\000p\000o\000u\000r\000\040\000l\000'\000a\000c\000c\000\351\000l\000\351\000r\000a\000t\000i\000o\000n\000\040\000e\000t\000\040\000l\000a\000\040\000m\000o\000d\000\351\000l\000i\000s\000a\000t\000i\000o\000n\000\040\000d\000e\000s\000\040\000p\000h\000\351\000n\000o\000m\000\350\000n\000e\000s\000\040\000p\000h\000y\000s\000i\000q\000u\000e\000s}{section.3.1}% 34
\BOOKMARK [2][-]{subsection.3.1.5}{\376\377\000L\000'\000I\000A\000\040\000a\000u\000\040\000s\000e\000r\000v\000i\000c\000e\000\040\000d\000e\000\040\000l\000'\000i\000n\000t\000e\000r\000a\000c\000t\000i\000v\000i\000t\000\351\000\040\000e\000t\000\040\000d\000e\000\040\000l\000'\000a\000d\000a\000p\000t\000a\000t\000i\000o\000n\000\040\000d\000\351\000c\000i\000s\000i\000o\000n\000n\000e\000l\000l\000e}{section.3.1}% 35
\BOOKMARK [2][-]{subsection.3.1.6}{\376\377\000A\000n\000c\000r\000a\000g\000e\000\040\000d\000a\000n\000s\000\040\000l\000a\000\040\000p\000r\000o\000b\000l\000\351\000m\000a\000t\000i\000q\000u\000e}{section.3.1}% 36
\BOOKMARK [1][-]{section.3.2}{\376\377\000A\000r\000c\000h\000i\000t\000e\000c\000t\000u\000r\000e\000s\000\040\000n\000e\000u\000r\000o\000n\000a\000l\000e\000s\000\040\000g\000\351\000n\000\351\000r\000a\000t\000i\000v\000e\000s}{chapter.3}% 37
\BOOKMARK [2][-]{subsection.3.2.1}{\376\377\000A\000u\000t\000o\000-\000E\000n\000c\000o\000d\000e\000u\000r\000s\000\040\000V\000a\000r\000i\000a\000t\000i\000o\000n\000n\000e\000l\000s\000\040\000\050\000V\000A\000E\000\051}{section.3.2}% 38
\BOOKMARK [2][-]{subsection.3.2.2}{\376\377\000R\000\351\000s\000e\000a\000u\000x\000\040\000A\000n\000t\000a\000g\000o\000n\000i\000s\000t\000e\000s\000\040\000G\000\351\000n\000\351\000r\000a\000t\000i\000f\000s\000\040\000\050\000G\000A\000N\000\051}{section.3.2}% 39
\BOOKMARK [2][-]{subsection.3.2.3}{\376\377\000M\000o\000d\000\350\000l\000e\000s\000\040\000d\000e\000\040\000D\000i\000f\000f\000u\000s\000i\000o\000n\000\040\000P\000r\000o\000b\000a\000b\000i\000l\000i\000s\000t\000e\000s}{section.3.2}% 40
\BOOKMARK [2][-]{subsection.3.2.4}{\376\377\000L\000e\000\040\000p\000a\000r\000a\000d\000i\000g\000m\000e\000\040\000s\000\351\000q\000u\000e\000n\000t\000i\000e\000l\000\040\000e\000t\000\040\000l\000'\000A\000u\000t\000o\000r\000\351\000g\000r\000e\000s\000s\000i\000o\000n}{section.3.2}% 41
\BOOKMARK [2][-]{subsection.3.2.5}{\376\377\000A\000n\000c\000r\000a\000g\000e\000\040\000d\000a\000n\000s\000\040\000l\000a\000\040\000p\000r\000o\000b\000l\000\351\000m\000a\000t\000i\000q\000u\000e}{section.3.2}% 42
\BOOKMARK [1][-]{section.3.3}{\376\377\000A\000r\000c\000h\000i\000t\000e\000c\000t\000u\000r\000e\000s\000\040\000d\000e\000\040\000t\000r\000a\000i\000t\000e\000m\000e\000n\000t\000\040\000s\000\351\000q\000u\000e\000n\000t\000i\000e\000l\000\040\000e\000t\000\040\000s\000p\000a\000t\000i\000a\000l}{chapter.3}% 43
\BOOKMARK [2][-]{subsection.3.3.1}{\376\377\000T\000y\000p\000o\000l\000o\000g\000i\000e\000\040\000d\000e\000s\000\040\000d\000o\000n\000n\000\351\000e\000s\000\040\000:\000\040\000c\000a\000u\000s\000a\000l\000i\000t\000\351\000\040\000t\000e\000m\000p\000o\000r\000e\000l\000l\000e\000\040\000e\000t\000\040\000t\000o\000p\000o\000l\000o\000g\000i\000e\000\040\000s\000p\000a\000t\000i\000a\000l\000e}{section.3.3}% 44
\BOOKMARK [2][-]{subsection.3.3.2}{\376\377\000R\000\351\000s\000e\000a\000u\000x\000\040\000d\000e\000\040\000c\000o\000n\000v\000o\000l\000u\000t\000i\000o\000n}{section.3.3}% 45
\BOOKMARK [2][-]{subsection.3.3.3}{\376\377\000R\000\351\000s\000e\000a\000u\000x\000\040\000d\000e\000\040\000n\000e\000u\000r\000o\000n\000e\000s\000\040\000r\000\351\000c\000u\000r\000r\000e\000n\000t\000s\000\040\000e\000t\000\040\000E\000s\000p\000a\000c\000e\000s\000\040\000d\000'\000E\000t\000a\000t\000s\000\040\000\050\000R\000N\000N\000\040\000e\000t\000\040\000S\000S\000M\000\051}{section.3.3}% 46
\BOOKMARK [2][-]{subsection.3.3.4}{\376\377\000L\000'\000a\000r\000c\000h\000i\000t\000e\000c\000t\000u\000r\000e\000\040\000T\000r\000a\000n\000s\000f\000o\000r\000m\000e\000r}{section.3.3}% 47
\BOOKMARK [2][-]{subsection.3.3.5}{\376\377\000A\000n\000c\000r\000a\000g\000e\000\040\000d\000a\000n\000s\000\040\000l\000a\000\040\000p\000r\000o\000b\000l\000\351\000m\000a\000t\000i\000q\000u\000e}{section.3.3}% 48
\BOOKMARK [0][-]{chapter.4}{\376\377\000L\000'\000o\000r\000d\000o\000n\000n\000a\000n\000c\000e\000m\000e\000n\000t\000\040\000s\000u\000p\000e\000r\000v\000i\000s\000\351\000\040\000c\000o\000m\000m\000e\000\040\000p\000r\000o\000x\000y\000\040\000d\000'\000\351\000v\000a\000l\000u\000a\000t\000i\000o\000n}{}% 49
\BOOKMARK [1][-]{section.4.1}{\376\377\000G\000\351\000n\000\351\000r\000a\000t\000i\000o\000n\000\040\000d\000e\000s\000\040\000d\000o\000n\000n\000\351\000e\000s\000\040\000e\000t\000\040\000p\000r\000o\000t\000o\000c\000o\000l\000e\000\040\000d\000e\000\040\000c\000o\000n\000s\000t\000r\000u\000c\000t\000i\000o\000n}{chapter.4}% 50
\BOOKMARK [2][-]{subsection.4.1.1}{\376\377\000R\000\350\000g\000l\000e\000\040\000d\000'\000o\000r\000d\000o\000n\000n\000a\000n\000c\000e\000m\000e\000n\000t\000\040\000i\000m\000p\000l\000i\000c\000i\000t\000e}{section.4.1}% 51
\BOOKMARK [2][-]{subsection.4.1.2}{\376\377\000D\000\351\000f\000i\000n\000i\000t\000i\000o\000n\000\040\000d\000e\000\040\000l\000a\000\040\000d\000i\000f\000f\000i\000c\000u\000l\000t\000\351\000\040\000e\000t\000\040\000i\000n\000v\000a\000r\000i\000a\000n\000c\000e\000s}{section.4.1}% 52
\BOOKMARK [2][-]{subsection.4.1.3}{\376\377\000A\000l\000g\000o\000r\000i\000t\000h\000m\000e\000\040\000d\000e\000\040\000g\000\351\000n\000\351\000r\000a\000t\000i\000o\000n\000\040\000s\000o\000u\000s\000\040\000c\000o\000n\000t\000r\000a\000i\000n\000t\000e}{section.4.1}% 53
\BOOKMARK [1][-]{section.4.2}{\376\377\000S\000t\000r\000a\000t\000\351\000g\000i\000e\000\040\000d\000'\000a\000p\000p\000r\000e\000n\000t\000i\000s\000s\000a\000g\000e\000\040\000e\000t\000\040\000a\000r\000c\000h\000i\000t\000e\000c\000t\000u\000r\000e\000s\000\040\000n\000e\000u\000r\000o\000n\000a\000l\000e\000s}{chapter.4}% 54
\BOOKMARK [2][-]{subsection.4.2.1}{\376\377\000F\000o\000n\000c\000t\000i\000o\000n\000\040\000d\000e\000\040\000c\000o\000\373\000t\000\040\000n\000o\000r\000m\000a\000l\000i\000s\000\351\000e}{section.4.2}% 55
\BOOKMARK [2][-]{subsection.4.2.2}{\376\377\000M\000\351\000t\000r\000i\000q\000u\000e\000\040\000d\000'\000\351\000v\000a\000l\000u\000a\000t\000i\000o\000n\000\040\000:\000\040\000L\000a\000\040\000J\000u\000s\000t\000e\000s\000s\000e\000\040\000P\000o\000s\000i\000t\000i\000o\000n\000n\000e\000l\000l\000e}{section.4.2}% 56
\BOOKMARK [2][-]{subsection.4.2.3}{\376\377\000A\000p\000p\000r\000e\000n\000t\000i\000s\000s\000a\000g\000e\000\040\000p\000r\000o\000g\000r\000e\000s\000s\000i\000f}{section.4.2}% 57
\BOOKMARK [2][-]{subsection.4.2.4}{\376\377\000A\000r\000c\000h\000i\000t\000e\000c\000t\000u\000r\000e\000s\000\040\000\351\000v\000a\000l\000u\000\351\000e\000s}{section.4.2}% 58
\BOOKMARK [1][-]{section.4.3}{\376\377\000R\000\351\000s\000u\000l\000t\000a\000t\000s\000\040\000e\000x\000p\000\351\000r\000i\000m\000e\000n\000t\000a\000u\000x\000\040\000e\000t\000\040\000a\000n\000a\000l\000y\000s\000e}{chapter.4}% 59
\BOOKMARK [2][-]{subsection.4.3.1}{\376\377\000P\000r\000o\000t\000o\000c\000o\000l\000e\000\040\000d\000e\000\040\000v\000i\000s\000u\000a\000l\000i\000s\000a\000t\000i\000o\000n}{section.4.3}% 60
\BOOKMARK [2][-]{subsection.4.3.2}{\376\377\000\311\000v\000a\000l\000u\000a\000t\000i\000o\000n\000\040\000d\000u\000\040\000m\000o\000d\000\350\000l\000e\000\040\000d\000e\000\040\000r\000\351\000f\000\351\000r\000e\000n\000c\000e}{section.4.3}% 61
\BOOKMARK [2][-]{subsection.4.3.3}{\376\377\000\311\000v\000a\000l\000u\000a\000t\000i\000o\000n\000\040\000d\000e\000\040\000l\000a\000\040\000m\000\351\000t\000h\000o\000d\000o\000l\000o\000g\000i\000e\000\040\000p\000r\000o\000p\000o\000s\000\351\000e}{section.4.3}% 62
\BOOKMARK [2][-]{subsection.4.3.4}{\376\377\000S\000y\000n\000t\000h\000\350\000s\000e\000\040\000e\000t\000\040\000c\000o\000m\000p\000a\000r\000a\000i\000s\000o\000n\000\040\000d\000e\000s\000\040\000a\000r\000c\000h\000i\000t\000e\000c\000t\000u\000r\000e\000s}{section.4.3}% 63
\BOOKMARK [0][-]{chapter.5}{\376\377\000U\000n\000\040\000s\000u\000j\000e\000t\000\040\000d\000'\000\351\000t\000u\000d\000e\000\040\000p\000e\000r\000t\000i\000n\000e\000n\000t\000:\000\040\000M\000o\000d\000u\000l\000e\000\040\000d\000e\000\040\000d\000\351\000t\000e\000c\000t\000i\000o\000n\000\040\000e\000t\000\040\000c\000a\000r\000a\000c\000t\000\351\000r\000i\000s\000a\000t\000i\000o\000n\000\040\000d\000e\000s\000\040\000i\000m\000p\000u\000l\000s\000i\000o\000n\000s\000\040\000s\000i\000m\000p\000l\000i\000f\000i\000\351}{}% 64
\BOOKMARK [1][-]{section.5.1}{\376\377\000R\000\351\000c\000i\000t\000\040\000d\000e\000\040\000l\000'\000\351\000t\000u\000d\000e}{chapter.5}% 65
\BOOKMARK [1][-]{section.5.2}{\376\377\000I\000m\000p\000l\000\351\000m\000e\000n\000t\000a\000t\000i\000o\000n\000\040\000d\000e\000\040\000l\000a\000\040\000m\000o\000d\000\351\000l\000i\000s\000a\000t\000i\000o\000n\000\040\000d\000u\000\040\000D\000C\000I\000S}{chapter.5}% 66
\BOOKMARK [2][-]{subsection.5.2.1}{\376\377\000L\000e\000\040\000c\001\123\000u\000r\000\040\000d\000e\000\040\000l\000a\000\040\000s\000i\000m\000p\000l\000i\000f\000i\000c\000a\000t\000i\000o\000n}{section.5.2}% 67
\BOOKMARK [2][-]{subsection.5.2.2}{\376\377\000G\000\351\000n\000\351\000r\000a\000t\000i\000o\000n\000\040\000d\000u\000\040\000s\000c\000\351\000n\000a\000r\000i\000o\000\040\000:\000\040\000l\000a\000\040\000s\000\351\000q\000u\000e\000n\000c\000e\000\040\000d\000'\000i\000m\000p\000u\000l\000s\000i\000o\000n\000s\000\040\000i\000n\000c\000i\000d\000e\000n\000t\000s}{section.5.2}% 68
\BOOKMARK [2][-]{subsection.5.2.3}{\376\377\000S\000i\000m\000u\000l\000a\000t\000i\000o\000n\000\040\000d\000e\000\040\000l\000'\000i\000n\000t\000e\000r\000c\000e\000p\000t\000i\000o\000n\000\040\000d\000e\000s\000\040\000i\000m\000p\000u\000l\000s\000i\000o\000n\000s}{section.5.2}% 69
\BOOKMARK [1][-]{section.5.3}{\376\377\000I\000l\000l\000u\000s\000t\000r\000a\000t\000i\000o\000n\000\040\000d\000u\000\040\000D\000C\000I\000S}{chapter.5}% 70
\BOOKMARK [0][-]{chapter.6}{\376\377\000U\000n\000\040\000s\000u\000j\000e\000t\000\040\000d\000'\000\351\000t\000u\000d\000e\000\040\000p\000e\000r\000t\000i\000n\000e\000n\000t\000\040\000:\000\040\000M\000o\000d\000u\000l\000e\000\040\000d\000e\000\040\000D\000\351\000t\000e\000c\000t\000i\000o\000n\000\040\000e\000t\000\040\000C\000a\000r\000a\000c\000t\000\351\000r\000i\000s\000a\000t\000i\000o\000n\000\040\000d\000e\000s\000\040\000I\000m\000p\000u\000l\000s\000i\000o\000n\000s\000\040\000S\000i\000m\000p\000l\000i\000f\000i\000\351\000\040\000\050\000D\000C\000I\000S\000\051}{}% 71
\BOOKMARK [1][-]{section.6.1}{\376\377\000C\000o\000n\000t\000e\000x\000t\000e\000\040\000e\000t\000\040\000m\000o\000t\000i\000v\000a\000t\000i\000o\000n\000s}{chapter.6}% 72
\BOOKMARK [1][-]{section.6.2}{\376\377\000M\000o\000d\000\351\000l\000i\000s\000a\000t\000i\000o\000n\000\040\000s\000y\000s\000t\000\351\000m\000i\000q\000u\000e\000\040\000d\000u\000\040\000D\000C\000I\000S}{chapter.6}% 73
\BOOKMARK [2][-]{subsection.6.2.1}{\376\377\000F\000i\000l\000t\000r\000e\000\040\000d\000e\000\040\000D\000\351\000t\000e\000c\000t\000i\000o\000n\000\040\000N\000o\000n\000-\000A\000m\000b\000i\000g\000u\000\353\000\040\000\050\000D\000N\000A\000\051}{section.6.2}% 74
\BOOKMARK [2][-]{subsection.6.2.2}{\376\377\000G\000\351\000n\000\351\000r\000a\000t\000i\000o\000n\000\040\000d\000e\000\040\000l\000'\000e\000n\000v\000i\000r\000o\000n\000n\000e\000m\000e\000n\000t\000\040\000:\000\040\000l\000a\000\040\000s\000\351\000q\000u\000e\000n\000c\000e\000\040\000d\000'\000i\000m\000p\000u\000l\000s\000i\000o\000n\000s\000\040\000i\000n\000c\000i\000d\000e\000n\000t\000e\000s}{section.6.2}% 75
\BOOKMARK [2][-]{subsection.6.2.3}{\376\377\000S\000i\000m\000u\000l\000a\000t\000i\000o\000n\000\040\000d\000e\000\040\000l\000'\000a\000c\000q\000u\000i\000s\000i\000t\000i\000o\000n\000\040\000e\000t\000\040\000d\000u\000\040\000s\000u\000i\000v\000i\000\040\000t\000e\000m\000p\000o\000r\000e\000l}{section.6.2}% 76
\BOOKMARK [1][-]{section.6.3}{\376\377\000V\000a\000l\000i\000d\000a\000t\000i\000o\000n\000\040\000d\000e\000\040\000l\000a\000\040\000m\000o\000d\000\351\000l\000i\000s\000a\000t\000i\000o\000n\000\040\000c\000o\000m\000p\000o\000r\000t\000e\000m\000e\000n\000t\000a\000l\000e}{chapter.6}% 77
\BOOKMARK [0][-]{chapter.7}{\376\377\000L\000'\000a\000p\000p\000r\000o\000c\000h\000e\000\040\000s\000\351\000q\000u\000e\000n\000c\000e\000\040\000v\000e\000r\000s\000\040\000s\000\351\000q\000u\000e\000n\000c\000e}{}% 78
\BOOKMARK [1][-]{section.7.1}{\376\377\000D\000e\000s\000c\000r\000i\000p\000t\000i\000o\000n\000\040\000d\000u\000\040\000p\000r\000o\000b\000l\000\350\000m\000e}{chapter.7}% 79
\BOOKMARK [2][-]{subsection.7.1.1}{\376\377\000L\000a\000\040\000s\000i\000m\000p\000l\000i\000f\000i\000c\000a\000t\000i\000o\000n\000\040\000d\000u\000\040\000D\000C\000I}{section.7.1}% 80
\BOOKMARK [2][-]{subsection.7.1.2}{\376\377\000M\000o\000d\000\351\000l\000i\000s\000a\000t\000i\000o\000n\000\040\000c\000o\000m\000p\000o\000r\000t\000e\000m\000e\000n\000t\000a\000l\000e\000\040\000d\000u\000\040\000c\000a\000p\000t\000e\000u\000r\000\040\000E\000S\000M}{section.7.1}% 81
\BOOKMARK [2][-]{subsection.7.1.3}{\376\377\000M\000o\000d\000\351\000l\000i\000s\000a\000t\000i\000o\000n\000\040\000c\000o\000m\000p\000o\000r\000t\000e\000m\000e\000n\000t\000a\000l\000e\000\040\000d\000u\000\040\000c\000a\000p\000t\000e\000u\000r\000\040\000E\000S\000M}{section.7.1}% 82
\BOOKMARK [0][-]{chapter.8}{\376\377\000S\000\351\000r\000i\000a\000l\000i\000s\000a\000t\000i\000o\000n\000\040\000d\000u\000\040\000p\000r\000o\000b\000l\000\350\000m\000e\000\040\000:\000\040\000u\000n\000e\000\040\000a\000p\000p\000r\000o\000c\000h\000e\000\040\000\351\000v\000\351\000n\000e\000m\000e\000n\000t\000i\000e\000l\000l\000e}{}% 83
\BOOKMARK [1][-]{section.8.1}{\376\377\000M\000o\000t\000i\000v\000a\000t\000i\000o\000n\000\040\000:\000\040\000D\000u\000\040\000t\000r\000a\000i\000t\000e\000m\000e\000n\000t\000\040\000d\000e\000\040\000s\000\351\000q\000u\000e\000n\000c\000e\000\040\000\340\000\040\000l\000a\000\040\000m\000o\000d\000\351\000l\000i\000s\000a\000t\000i\000o\000n\000\040\000d\000y\000n\000a\000m\000i\000q\000u\000e}{chapter.8}% 84
\BOOKMARK [2][-]{subsection.8.1.1}{\376\377\000L\000e\000\040\000g\000o\000u\000l\000o\000t\000\040\000d\000'\000\351\000t\000r\000a\000n\000g\000l\000e\000m\000e\000n\000t\000\040\000d\000e\000s\000\040\000a\000r\000c\000h\000i\000t\000e\000c\000t\000u\000r\000e\000s\000\040\000p\000o\000u\000r\000\040\000l\000e\000\040\000S\000e\000q\0002\000S\000e\000q}{section.8.1}% 85
\BOOKMARK [2][-]{subsection.8.1.2}{\376\377\000L\000e\000\040\000D\000C\000I\000\040\000c\000o\000m\000m\000e\000\040\000s\000y\000s\000t\000\350\000m\000e\000\040\000d\000y\000n\000a\000m\000i\000q\000u\000e\000\040\000r\000\351\000a\000c\000t\000i\000f}{section.8.1}% 86
\BOOKMARK [1][-]{section.8.2}{\376\377\000F\000o\000r\000m\000a\000l\000i\000s\000a\000t\000i\000o\000n\000\040\000d\000u\000\040\000p\000r\000o\000b\000l\000\350\000m\000e\000\040\000"\000F\000l\000u\000x\000-\000\340\000-\000f\000l\000u\000x\000"}{chapter.8}% 87
\BOOKMARK [2][-]{subsection.8.2.1}{\376\377\000C\000o\000n\000t\000r\000a\000i\000n\000t\000e\000s\000\040\000d\000e\000\040\000l\000'\000a\000p\000p\000r\000o\000c\000h\000e\000\040\000e\000t\000\040\000c\000h\000o\000i\000x\000\040\000d\000e\000\040\000c\000o\000n\000c\000e\000p\000t\000i\000o\000n}{section.8.2}% 88
\BOOKMARK [2][-]{subsection.8.2.2}{\376\377\000S\000\351\000r\000i\000a\000l\000i\000s\000a\000t\000i\000o\000n\000\040\000:\000\040\000t\000r\000a\000n\000s\000f\000o\000r\000m\000a\000t\000i\000o\000n\000\040\000e\000t\000\040\000p\000r\000\351\000p\000a\000r\000a\000t\000i\000o\000n\000\040\000d\000e\000s\000\040\000d\000o\000n\000n\000\351\000e\000s}{section.8.2}% 89
\BOOKMARK [2][-]{subsection.8.2.3}{\376\377\000P\000r\000\351\000p\000a\000r\000a\000t\000i\000o\000n\000\040\000d\000e\000s\000\040\000d\000o\000n\000n\000\351\000e\000s\000\040\000e\000t\000\040\000i\000n\000g\000\351\000n\000i\000e\000r\000i\000e\000\040\000d\000e\000s\000\040\000c\000a\000r\000a\000c\000t\000\351\000r\000i\000s\000t\000i\000q\000u\000e\000s}{section.8.2}% 90
\BOOKMARK [1][-]{section.8.3}{\376\377\000V\000a\000l\000i\000d\000a\000t\000i\000o\000n\000\040\000d\000e\000\040\000l\000'\000a\000p\000p\000r\000o\000c\000h\000e\000\040\000s\000u\000r\000\040\000a\000r\000c\000h\000i\000t\000e\000c\000t\000u\000r\000e\000s\000\040\000r\000\351\000c\000u\000r\000r\000e\000n\000t\000e\000s}{chapter.8}% 91
\BOOKMARK [2][-]{subsection.8.3.1}{\376\377\000L\000e\000s\000\040\000a\000r\000c\000h\000i\000t\000e\000c\000t\000u\000r\000e\000s}{section.8.3}% 92
\BOOKMARK [2][-]{subsection.8.3.2}{\376\377\000R\000\351\000s\000u\000l\000t\000a\000t\000s\000\040\000e\000x\000p\000\351\000r\000i\000m\000e\000n\000t\000a\000u\000x}{section.8.3}% 93
\BOOKMARK [1][-]{section.8.4}{\376\377\000E\000x\000t\000e\000n\000s\000i\000o\000n\000\040\000d\000e\000s\000\040\000e\000s\000s\000a\000i\000s\000\040\000:\000\040\000G\000\351\000n\000\351\000r\000a\000l\000i\000s\000a\000t\000i\000o\000n\000\040\000\340\000\040\000d\000'\000a\000u\000t\000r\000e\000s\000\040\000a\000r\000c\000h\000i\000t\000e\000c\000t\000u\000r\000e\000s}{chapter.8}% 94
\BOOKMARK [2][-]{subsection.8.4.1}{\376\377\000S\000\351\000l\000e\000c\000t\000i\000o\000n\000\040\000d\000e\000s\000\040\000a\000r\000c\000h\000i\000t\000e\000c\000t\000u\000r\000e\000s}{section.8.4}% 95
\BOOKMARK [2][-]{subsection.8.4.2}{\376\377\000F\000o\000n\000c\000t\000i\000o\000n\000\040\000d\000e\000\040\000p\000e\000r\000t\000e\000\040\000e\000t\000\040\000m\000\351\000t\000r\000i\000q\000u\000e\000s\000\040\000d\000'\000\351\000v\000a\000l\000u\000a\000t\000i\000o\000n}{section.8.4}% 96
\BOOKMARK [2][-]{subsection.8.4.3}{\376\377\000R\000\351\000s\000u\000l\000t\000a\000t\000s\000\040\000e\000t\000\040\000A\000n\000a\000l\000y\000s\000e\000\040\000C\000o\000m\000p\000a\000r\000a\000t\000i\000v\000e}{section.8.4}% 97
\BOOKMARK [2][-]{subsection.8.4.4}{\376\377\000C\000o\000n\000c\000l\000u\000s\000i\000o\000n\000\040\000s\000u\000r\000\040\000l\000e\000s\000\040\000e\000x\000t\000e\000n\000s\000i\000o\000n\000s}{section.8.4}% 98
