This is pdfTeX, Version 3.141592653-2.6-1.40.27 (MiKTeX 25.4) (preloaded format=pdflatex 2025.11.20)  23 MAR 2026 10:36
entering extended mode
 restricted \write18 enabled.
 %&-line parsing enabled.
**./Modele_These_UParisSaclay_2022.tex
(Modele_These_UParisSaclay_2022.tex
LaTeX2e <2025-11-01>
L3 programming layer <2025-10-24>
(C:\Users\Matth\AppData\Local\Programs\MiKTeX\tex/latex/base\book.cls
Document Class: book 2025/01/22 v1.4n Standard LaTeX document class
(C:\Users\Matth\AppData\Local\Programs\MiKTeX\tex/latex/base\bk12.clo
File: bk12.clo 2025/01/22 v1.4n Standard LaTeX file (size option)
)
\c@part=\count275
\c@chapter=\count276
\c@section=\count277
\c@subsection=\count278
\c@subsubsection=\count279
\c@paragraph=\count280
\c@subparagraph=\count281
\c@figure=\count282
\c@table=\count283
\abovecaptionskip=\skip49
\belowcaptionskip=\skip50
\bibindent=\dimen148
)
(C:\Users\Matth\AppData\Local\Programs\MiKTeX\tex/latex/base\inputenc.sty
Package: inputenc 2024/02/08 v1.3d Input encoding file
\inpenc@prehook=\toks17
\inpenc@posthook=\toks18
)
(C:\Users\Matth\AppData\Local\Programs\MiKTeX\tex/latex/base\fontenc.sty
Package: fontenc 2025/07/18 v2.1d Standard LaTeX package
)
(C:\Users\Matth\AppData\Local\Programs\MiKTeX\tex/generic/babel\babel.sty
Package: babel 2025/10/22 v25.14 The multilingual framework for LuaLaTeX, pdfLa
TeX and XeLaTeX
\babel@savecnt=\count284
LaTeX Encoding Info:    Redeclaring text command \ij (encoding OT1) on input li
ne 2050.
LaTeX Encoding Info:    Redeclaring text command \IJ (encoding OT1) on input li
ne 2052.
LaTeX Encoding Info:    Redeclaring text command \ij (encoding T1) on input lin
e 2054.
LaTeX Encoding Info:    Redeclaring text command \IJ (encoding T1) on input lin
e 2055.
LaTeX Encoding Info:    Ignoring declaration for text command \ij (encoding ?) 
on input line 2056.
LaTeX Encoding Info:    Ignoring declaration for text command \IJ (encoding ?) 
on input line 2058.
LaTeX Encoding Info:    Ignoring declaration for text command \SS (encoding ?) 
on input line 2083.
\U@D=\dimen149
\l@unhyphenated=\language79

(C:\Users\Matth\AppData\Local\Programs\MiKTeX\tex/generic/babel\txtbabel.def)
\bbl@readstream=\read2
\bbl@dirlevel=\count285


Package babel Warning: Configuration files are deprecated, as
(babel)                they can break document portability.
(babel)                Reported on input line 4172.

*************************************
* Local config file bblopts.cfg used
*
(C:\Users\Matth\AppData\Local\Programs\MiKTeX\tex/latex/arabi\bblopts.cfg
File: bblopts.cfg 2005/09/08 v0.1 add Arabic and Farsi to "declared" options of
 babel
)
(C:\Users\Matth\AppData\Local\Programs\MiKTeX\tex/generic/babel/locale/fr\babel
-french.tex)
Package babel Info: Importing font and identification data for french
(babel)             from babel-fr.ini. Reported on input line 4295.

(C:\Users\Matth\AppData\Local\Programs\MiKTeX\tex/generic/babel-french\french.l
df
Language: french 2025-08-15 v4.0e French support from the babel system

(C:\Users\Matth\AppData\Local\Programs\MiKTeX\tex/generic/babel-french\french3.
ldf
Language: french 2025-08-15 v3.7e French support from the babel system
\FB@stdchar=\count286
Package babel Info: Making : an active character on input line 273.
Package babel Info: Making ; an active character on input line 274.
Package babel Info: Making ! an active character on input line 275.
Package babel Info: Making ? an active character on input line 276.
\FBguill@level=\count287
\FBold@everypar=\toks19
\FB@Mht=\dimen150
\mc@charclass=\count288
\mc@charfam=\count289
\mc@charslot=\count290
\std@mcc=\count291
\dec@mcc=\count292
\FB@pardim=\dimen151
\listindentFB=\dimen152
\descindentFB=\dimen153
\labelindentFB=\dimen154
\labelwidthFB=\dimen155
\leftmarginFB=\dimen156
\parindentFFN=\dimen157
\FBfnindent=\dimen158
)))
(C:\Users\Matth\AppData\Local\Programs\MiKTeX\tex/latex/carlisle\scalefnt.sty)
(C:\Users\Matth\AppData\Local\Programs\MiKTeX\tex/latex/opensans\opensans.sty
Package: opensans 2019/06/20 Style file for Open Sans.

(C:\Users\Matth\AppData\Local\Programs\MiKTeX\tex/latex/fontaxes\fontaxes.sty
Package: fontaxes 2025-05-24 v2.0.1 Font selection axes (deprecated)

(C:\Users\Matth\AppData\Local\Programs\MiKTeX\tex/latex/figureversions\figureve
rsions.sty
Package: figureversions 2025-04-29 v1.0.1 Figure versions
))
(C:\Users\Matth\AppData\Local\Programs\MiKTeX\tex/generic/iftex\ifluatex.sty
Package: ifluatex 2019/10/25 v1.5 ifluatex legacy package. Use iftex instead.

(C:\Users\Matth\AppData\Local\Programs\MiKTeX\tex/generic/iftex\iftex.sty
Package: iftex 2024/12/12 v1.0g TeX engine tests
))
(C:\Users\Matth\AppData\Local\Programs\MiKTeX\tex/generic/iftex\ifxetex.sty
Package: ifxetex 2019/10/25 v0.7 ifxetex legacy package. Use iftex instead.
)
(C:\Users\Matth\AppData\Local\Programs\MiKTeX\tex/latex/xkeyval\xkeyval.sty
Package: xkeyval 2022/06/16 v2.9 package option processing (HA)

(C:\Users\Matth\AppData\Local\Programs\MiKTeX\tex/generic/xkeyval\xkeyval.tex
(C:\Users\Matth\AppData\Local\Programs\MiKTeX\tex/generic/xkeyval\xkvutils.tex
\XKV@toks=\toks20
\XKV@tempa@toks=\toks21

(C:\Users\Matth\AppData\Local\Programs\MiKTeX\tex/generic/xkeyval\keyval.tex))
\XKV@depth=\count293
File: xkeyval.tex 2014/12/03 v2.7a key=value parser (HA)
))) (C:\Users\Matth\AppData\Local\Programs\MiKTeX\tex/latex/amsmath\amsmath.sty
Package: amsmath 2025/07/09 v2.17z AMS math features
\@mathmargin=\skip51

For additional information on amsmath, use the `?' option.
(C:\Users\Matth\AppData\Local\Programs\MiKTeX\tex/latex/amsmath\amstext.sty
Package: amstext 2024/11/17 v2.01 AMS text

(C:\Users\Matth\AppData\Local\Programs\MiKTeX\tex/latex/amsmath\amsgen.sty
File: amsgen.sty 1999/11/30 v2.0 generic functions
\@emptytoks=\toks22
\ex@=\dimen159
))
(C:\Users\Matth\AppData\Local\Programs\MiKTeX\tex/latex/amsmath\amsbsy.sty
Package: amsbsy 1999/11/29 v1.2d Bold Symbols
\pmbraise@=\dimen160
)
(C:\Users\Matth\AppData\Local\Programs\MiKTeX\tex/latex/amsmath\amsopn.sty
Package: amsopn 2022/04/08 v2.04 operator names
)
\inf@bad=\count294
LaTeX Info: Redefining \frac on input line 233.
\uproot@=\count295
\leftroot@=\count296
LaTeX Info: Redefining \overline on input line 398.
LaTeX Info: Redefining \colon on input line 409.
\classnum@=\count297
\DOTSCASE@=\count298
LaTeX Info: Redefining \ldots on input line 495.
LaTeX Info: Redefining \dots on input line 498.
LaTeX Info: Redefining \cdots on input line 619.
\Mathstrutbox@=\box53
\strutbox@=\box54
LaTeX Info: Redefining \big on input line 721.
LaTeX Info: Redefining \Big on input line 722.
LaTeX Info: Redefining \bigg on input line 723.
LaTeX Info: Redefining \Bigg on input line 724.
\big@size=\dimen161
LaTeX Font Info:    Redeclaring font encoding OML on input line 742.
LaTeX Font Info:    Redeclaring font encoding OMS on input line 743.
\macc@depth=\count299
LaTeX Info: Redefining \bmod on input line 904.
LaTeX Info: Redefining \pmod on input line 909.
LaTeX Info: Redefining \smash on input line 939.
LaTeX Info: Redefining \relbar on input line 969.
LaTeX Info: Redefining \Relbar on input line 970.
\c@MaxMatrixCols=\count300
\dotsspace@=\muskip17
\c@parentequation=\count301
\dspbrk@lvl=\count302
\tag@help=\toks23
\row@=\count303
\column@=\count304
\maxfields@=\count305
\andhelp@=\toks24
\eqnshift@=\dimen162
\alignsep@=\dimen163
\tagshift@=\dimen164
\tagwidth@=\dimen165
\totwidth@=\dimen166
\lineht@=\dimen167
\@envbody=\toks25
\multlinegap=\skip52
\multlinetaggap=\skip53
\mathdisplay@stack=\toks26
LaTeX Info: Redefining \[ on input line 2950.
LaTeX Info: Redefining \] on input line 2951.
)
(C:\Users\Matth\AppData\Local\Programs\MiKTeX\tex/latex/amsfonts\amsfonts.sty
Package: amsfonts 2013/01/14 v3.01 Basic AMSFonts support
\symAMSa=\mathgroup4
\symAMSb=\mathgroup5
LaTeX Font Info:    Redeclaring math symbol \hbar on input line 98.
LaTeX Font Info:    Overwriting math alphabet `\mathfrak' in version `bold'
(Font)                  U/euf/m/n --> U/euf/b/n on input line 106.
)
(C:\Users\Matth\AppData\Local\Programs\MiKTeX\tex/latex/amsfonts\amssymb.sty
Package: amssymb 2013/01/14 v3.01 AMS font symbols
)
(C:\Users\Matth\AppData\Local\Programs\MiKTeX\tex/latex/algorithm2e\algorithm2e
.sty
Package: algorithm2e 2017/07/18 v5.2 algorithms environments
\c@AlgoLine=\count306
 (C:\Users\Matth\AppData\Local\Programs\MiKTeX\tex/latex/base\ifthen.sty
Package: ifthen 2024/03/16 v1.1e Standard LaTeX ifthen package (DPC)
)
\algocf@hangindent=\skip54

(C:\Users\Matth\AppData\Local\Programs\MiKTeX\tex/latex/ifoddpage\ifoddpage.sty
Package: ifoddpage 2022/10/18 v1.2 Conditionals for odd/even page detection
\c@checkoddpage=\count307
) (C:\Users\Matth\AppData\Local\Programs\MiKTeX\tex/latex/tools\xspace.sty
Package: xspace 2014/10/28 v1.13 Space after command names (DPC,MH)
)
(C:\Users\Matth\AppData\Local\Programs\MiKTeX\tex/latex/relsize\relsize.sty
Package: relsize 2013/03/29 ver 4.1
)
\skiptotal=\skip55
\skiplinenumber=\skip56
\skiprule=\skip57
\skiphlne=\skip58
\skiptext=\skip59
\skiplength=\skip60
\algomargin=\skip61
\skipalgocfslide=\skip62
\algowidth=\dimen168
\inoutsize=\dimen169
\inoutindent=\dimen170
\interspacetitleruled=\dimen171
\interspacealgoruled=\dimen172
\interspacetitleboxruled=\dimen173
\algocf@ruledwidth=\skip63
\algocf@inoutbox=\box55
\algocf@inputbox=\box56
\AlCapSkip=\skip64
\AlCapHSkip=\skip65
\algoskipindent=\skip66
\algocf@nlbox=\box57
\algocf@hangingbox=\box58
\algocf@untilbox=\box59
\algocf@skipuntil=\skip67
\algocf@capbox=\box60
\algocf@lcaptionbox=\skip68
\algoheightruledefault=\skip69
\algoheightrule=\skip70
\algotitleheightruledefault=\skip71
\algotitleheightrule=\skip72
\c@algocfline=\count308
\c@algocfproc=\count309
\c@algocf=\count310
\algocf@algoframe=\box61
\algocf@algobox=\box62
)
(C:\Users\Matth\AppData\Local\Programs\MiKTeX\tex/latex/caption\caption.sty
Package: caption 2023/08/05 v3.6o Customizing captions (AR)

(C:\Users\Matth\AppData\Local\Programs\MiKTeX\tex/latex/caption\caption3.sty
Package: caption3 2023/07/31 v2.4d caption3 kernel (AR)
\caption@tempdima=\dimen174
\captionmargin=\dimen175
\caption@leftmargin=\dimen176
\caption@rightmargin=\dimen177
\caption@width=\dimen178
\caption@indent=\dimen179
\caption@parindent=\dimen180
\caption@hangindent=\dimen181
Package caption Info: Standard document class detected.
Package caption Info: french babel package is loaded.
)
\c@caption@flags=\count311
\c@continuedfloat=\count312
)
(C:\Users\Matth\AppData\Local\Programs\MiKTeX\tex/latex/xcolor\xcolor.sty
Package: xcolor 2024/09/29 v3.02 LaTeX color extensions (UK)

(C:\Users\Matth\AppData\Local\Programs\MiKTeX\tex/latex/graphics-cfg\color.cfg
File: color.cfg 2016/01/02 v1.6 sample color configuration
)
Package xcolor Info: Driver file: pdftex.def on input line 274.

(C:\Users\Matth\AppData\Local\Programs\MiKTeX\tex/latex/graphics-def\pdftex.def
File: pdftex.def 2025/09/29 v1.2d Graphics/color driver for pdftex
)
(C:\Users\Matth\AppData\Local\Programs\MiKTeX\tex/latex/graphics\mathcolor.ltx)
Package xcolor Info: Model `cmy' substituted by `cmy0' on input line 1349.
Package xcolor Info: Model `hsb' substituted by `rgb' on input line 1353.
Package xcolor Info: Model `RGB' extended on input line 1365.
Package xcolor Info: Model `HTML' substituted by `rgb' on input line 1367.
Package xcolor Info: Model `Hsb' substituted by `hsb' on input line 1368.
Package xcolor Info: Model `tHsb' substituted by `hsb' on input line 1369.
Package xcolor Info: Model `HSB' substituted by `hsb' on input line 1370.
Package xcolor Info: Model `Gray' substituted by `gray' on input line 1371.
Package xcolor Info: Model `wave' substituted by `hsb' on input line 1372.
) (C:\Users\Matth\AppData\Local\Programs\MiKTeX\tex/latex/mdframed\mdframed.sty
Package: mdframed 2013/07/01 1.9b: mdframed

(C:\Users\Matth\AppData\Local\Programs\MiKTeX\tex/latex/kvoptions\kvoptions.sty
Package: kvoptions 2022-06-15 v3.15 Key value format for package options (HO)
(C:\Users\Matth\AppData\Local\Programs\MiKTeX\tex/generic/ltxcmds\ltxcmds.sty
Package: ltxcmds 2023-12-04 v1.26 LaTeX kernel commands for general use (HO)
)
(C:\Users\Matth\AppData\Local\Programs\MiKTeX\tex/latex/kvsetkeys\kvsetkeys.sty
Package: kvsetkeys 2022-10-05 v1.19 Key value parser (HO)
))
(C:\Users\Matth\AppData\Local\Programs\MiKTeX\tex/latex/l3packages/xparse\xpars
e.sty
(C:\Users\Matth\AppData\Local\Programs\MiKTeX\tex/latex/l3kernel\expl3.sty
Package: expl3 2025-10-24 L3 programming layer (loader) 

(C:\Users\Matth\AppData\Local\Programs\MiKTeX\tex/latex/l3backend\l3backend-pdf
tex.def
File: l3backend-pdftex.def 2025-10-09 L3 backend support: PDF output (pdfTeX)
\l__color_backend_stack_int=\count313
))
Package: xparse 2025-10-09 L3 Experimental document command parser
)
(C:\Users\Matth\AppData\Local\Programs\MiKTeX\tex/latex/etoolbox\etoolbox.sty
Package: etoolbox 2025/10/02 v2.5m e-TeX tools for LaTeX (JAW)
\etb@tempcnta=\count314
)
(C:\Users\Matth\AppData\Local\Programs\MiKTeX\tex/latex/zref\zref-abspage.sty
Package: zref-abspage 2025-06-08 v2.36 Module abspage for zref (HO)

(C:\Users\Matth\AppData\Local\Programs\MiKTeX\tex/latex/zref\zref-base.sty
Package: zref-base 2025-06-08 v2.36 Module base for zref (HO)

(C:\Users\Matth\AppData\Local\Programs\MiKTeX\tex/generic/infwarerr\infwarerr.s
ty
Package: infwarerr 2019/12/03 v1.5 Providing info/warning/error messages (HO)
)
(C:\Users\Matth\AppData\Local\Programs\MiKTeX\tex/generic/kvdefinekeys\kvdefine
keys.sty
Package: kvdefinekeys 2019-12-19 v1.6 Define keys (HO)
)
(C:\Users\Matth\AppData\Local\Programs\MiKTeX\tex/generic/pdftexcmds\pdftexcmds
.sty
Package: pdftexcmds 2020-06-27 v0.33 Utility functions of pdfTeX for LuaTeX (HO
)
Package pdftexcmds Info: \pdf@primitive is available.
Package pdftexcmds Info: \pdf@ifprimitive is available.
Package pdftexcmds Info: \pdfdraftmode found.
)
(C:\Users\Matth\AppData\Local\Programs\MiKTeX\tex/generic/etexcmds\etexcmds.sty
Package: etexcmds 2019/12/15 v1.7 Avoid name clashes with e-TeX commands (HO)
) (C:\Users\Matth\AppData\Local\Programs\MiKTeX\tex/latex/auxhook\auxhook.sty
Package: auxhook 2019-12-17 v1.6 Hooks for auxiliary files (HO)
)
Package zref Info: New property list: main on input line 767.
Package zref Info: New property: default on input line 768.
Package zref Info: New property: page on input line 769.
)
\c@abspage=\count315
Package zref Info: New property: abspage on input line 67.
)
(C:\Users\Matth\AppData\Local\Programs\MiKTeX\tex/latex/needspace\needspace.sty
Package: needspace 2025/03/13 v1.3e reserve vertical space
)
\mdf@templength=\skip73
\c@mdf@globalstyle@cnt=\count316
\mdf@skipabove@length=\skip74
\mdf@skipbelow@length=\skip75
\mdf@leftmargin@length=\skip76
\mdf@rightmargin@length=\skip77
\mdf@innerleftmargin@length=\skip78
\mdf@innerrightmargin@length=\skip79
\mdf@innertopmargin@length=\skip80
\mdf@innerbottommargin@length=\skip81
\mdf@splittopskip@length=\skip82
\mdf@splitbottomskip@length=\skip83
\mdf@outermargin@length=\skip84
\mdf@innermargin@length=\skip85
\mdf@linewidth@length=\skip86
\mdf@innerlinewidth@length=\skip87
\mdf@middlelinewidth@length=\skip88
\mdf@outerlinewidth@length=\skip89
\mdf@roundcorner@length=\skip90
\mdf@footenotedistance@length=\skip91
\mdf@userdefinedwidth@length=\skip92
\mdf@needspace@length=\skip93
\mdf@frametitleaboveskip@length=\skip94
\mdf@frametitlebelowskip@length=\skip95
\mdf@frametitlerulewidth@length=\skip96
\mdf@frametitleleftmargin@length=\skip97
\mdf@frametitlerightmargin@length=\skip98
\mdf@shadowsize@length=\skip99
\mdf@extratopheight@length=\skip100
\mdf@subtitleabovelinewidth@length=\skip101
\mdf@subtitlebelowlinewidth@length=\skip102
\mdf@subtitleaboveskip@length=\skip103
\mdf@subtitlebelowskip@length=\skip104
\mdf@subtitleinneraboveskip@length=\skip105
\mdf@subtitleinnerbelowskip@length=\skip106
\mdf@subsubtitleabovelinewidth@length=\skip107
\mdf@subsubtitlebelowlinewidth@length=\skip108
\mdf@subsubtitleaboveskip@length=\skip109
\mdf@subsubtitlebelowskip@length=\skip110
\mdf@subsubtitleinneraboveskip@length=\skip111
\mdf@subsubtitleinnerbelowskip@length=\skip112

(C:\Users\Matth\AppData\Local\Programs\MiKTeX\tex/latex/mdframed\md-frame-0.mdf
File: md-frame-0.mdf 2013/07/01\ 1.9b: md-frame-0
)
\mdf@frametitlebox=\box63
\mdf@footnotebox=\box64
\mdf@splitbox@one=\box65
\mdf@splitbox@two=\box66
\mdf@splitbox@save=\box67
\mdfsplitboxwidth=\skip113
\mdfsplitboxtotalwidth=\skip114
\mdfsplitboxheight=\skip115
\mdfsplitboxdepth=\skip116
\mdfsplitboxtotalheight=\skip117
\mdfframetitleboxwidth=\skip118
\mdfframetitleboxtotalwidth=\skip119
\mdfframetitleboxheight=\skip120
\mdfframetitleboxdepth=\skip121
\mdfframetitleboxtotalheight=\skip122
\mdffootnoteboxwidth=\skip123
\mdffootnoteboxtotalwidth=\skip124
\mdffootnoteboxheight=\skip125
\mdffootnoteboxdepth=\skip126
\mdffootnoteboxtotalheight=\skip127
\mdftotallinewidth=\skip128
\mdfboundingboxwidth=\skip129
\mdfboundingboxtotalwidth=\skip130
\mdfboundingboxheight=\skip131
\mdfboundingboxdepth=\skip132
\mdfboundingboxtotalheight=\skip133
\mdf@freevspace@length=\skip134
\mdf@horizontalwidthofbox@length=\skip135
\mdf@verticalmarginwhole@length=\skip136
\mdf@horizontalspaceofbox=\skip137
\mdfsubtitleheight=\skip138
\mdfsubsubtitleheight=\skip139
\c@mdfcountframes=\count317

****** mdframed patching \endmdf@trivlist

****** -- success******

\mdf@envdepth=\count318
\c@mdf@env@i=\count319
\c@mdf@env@ii=\count320
\c@mdf@zref@counter=\count321
Package zref Info: New property: mdf@pagevalue on input line 895.
)
(C:\Users\Matth\AppData\Local\Programs\MiKTeX\tex/latex/multirow\multirow.sty
Package: multirow 2024/11/12 v2.9 Span multiple rows of a table
\multirow@colwidth=\skip140
\multirow@cntb=\count322
\multirow@dima=\skip141
\bigstrutjot=\dimen182
)
(C:\Users\Matth\AppData\Local\Programs\MiKTeX\tex/latex/tools\multicol.sty
Package: multicol 2025/10/21 v2.0b multicolumn formatting (FMi)
\c@tracingmulticols=\count323
\mult@box=\box68
\multicol@leftmargin=\dimen183
\c@unbalance=\count324
\c@collectmore=\count325
\doublecol@number=\count326
\multicoltolerance=\count327
\multicolpretolerance=\count328
\full@width=\dimen184
\page@free=\dimen185
\premulticols=\dimen186
\postmulticols=\dimen187
\multicolsep=\skip142
\multicolbaselineskip=\skip143
\partial@page=\box69
\last@line=\box70
\mc@boxedresult=\box71
\maxbalancingoverflow=\dimen188
\mult@rightbox=\box72
\mult@grightbox=\box73
\mult@firstbox=\box74
\mult@gfirstbox=\box75
\@tempa=\box76
\@tempa=\box77
\@tempa=\box78
\@tempa=\box79
\@tempa=\box80
\@tempa=\box81
\@tempa=\box82
\@tempa=\box83
\@tempa=\box84
\@tempa=\box85
\@tempa=\box86
\@tempa=\box87
\@tempa=\box88
\@tempa=\box89
\@tempa=\box90
\@tempa=\box91
\@tempa=\box92
\@tempa=\box93
\@tempa=\box94
\@tempa=\box95
\@tempa=\box96
\@tempa=\box97
\@tempa=\box98
\@tempa=\box99
\@tempa=\box100
\@tempa=\box101
\@tempa=\box102
\@tempa=\box103
\@tempa=\box104
\@tempa=\box105
\@tempa=\box106
\@tempa=\box107
\@tempa=\box108
\@tempa=\box109
\@tempa=\box110
\@tempa=\box111
\c@minrows=\count329
\c@columnbadness=\count330
\c@finalcolumnbadness=\count331
\last@try=\dimen189
\multicolovershoot=\dimen190
\multicolundershoot=\dimen191
\mult@nat@firstbox=\box112
\colbreak@box=\box113
\mc@col@check@num=\count332
\g__mc_curr_col_int=\count333
)
(C:\Users\Matth\AppData\Local\Programs\MiKTeX\tex/latex/pgf/frontendlayer\tikz.
sty
(C:\Users\Matth\AppData\Local\Programs\MiKTeX\tex/latex/pgf/basiclayer\pgf.sty
(C:\Users\Matth\AppData\Local\Programs\MiKTeX\tex/latex/pgf/utilities\pgfrcs.st
y
(C:\Users\Matth\AppData\Local\Programs\MiKTeX\tex/generic/pgf/utilities\pgfutil
-common.tex
\pgfutil@everybye=\toks27
\pgfutil@tempdima=\dimen192
\pgfutil@tempdimb=\dimen193
)
(C:\Users\Matth\AppData\Local\Programs\MiKTeX\tex/generic/pgf/utilities\pgfutil
-latex.def
\pgfutil@abb=\box114
)
(C:\Users\Matth\AppData\Local\Programs\MiKTeX\tex/generic/pgf/utilities\pgfrcs.
code.tex
(C:\Users\Matth\AppData\Local\Programs\MiKTeX\tex/generic/pgf\pgf.revision.tex)
Package: pgfrcs 2025-08-29 v3.1.11a (3.1.11a)
))
Package: pgf 2025-08-29 v3.1.11a (3.1.11a)

(C:\Users\Matth\AppData\Local\Programs\MiKTeX\tex/latex/pgf/basiclayer\pgfcore.
sty
(C:\Users\Matth\AppData\Local\Programs\MiKTeX\tex/latex/graphics\graphicx.sty
Package: graphicx 2024/12/31 v1.2e Enhanced LaTeX Graphics (DPC,SPQR)

(C:\Users\Matth\AppData\Local\Programs\MiKTeX\tex/latex/graphics\graphics.sty
Package: graphics 2024/08/06 v1.4g Standard LaTeX Graphics (DPC,SPQR)

(C:\Users\Matth\AppData\Local\Programs\MiKTeX\tex/latex/graphics\trig.sty
Package: trig 2023/12/02 v1.11 sin cos tan (DPC)
)
(C:\Users\Matth\AppData\Local\Programs\MiKTeX\tex/latex/graphics-cfg\graphics.c
fg
File: graphics.cfg 2016/06/04 v1.11 sample graphics configuration
)
Package graphics Info: Driver file: pdftex.def on input line 106.
)
\Gin@req@height=\dimen194
\Gin@req@width=\dimen195
)
(C:\Users\Matth\AppData\Local\Programs\MiKTeX\tex/latex/pgf/systemlayer\pgfsys.
sty
(C:\Users\Matth\AppData\Local\Programs\MiKTeX\tex/generic/pgf/systemlayer\pgfsy
s.code.tex
Package: pgfsys 2025-08-29 v3.1.11a (3.1.11a)

(C:\Users\Matth\AppData\Local\Programs\MiKTeX\tex/generic/pgf/utilities\pgfkeys
.code.tex
\pgfkeys@pathtoks=\toks28
\pgfkeys@temptoks=\toks29

(C:\Users\Matth\AppData\Local\Programs\MiKTeX\tex/generic/pgf/utilities\pgfkeys
libraryfiltered.code.tex
\pgfkeys@tmptoks=\toks30
))
\pgf@x=\dimen196
\pgf@y=\dimen197
\pgf@xa=\dimen198
\pgf@ya=\dimen199
\pgf@xb=\dimen256
\pgf@yb=\dimen257
\pgf@xc=\dimen258
\pgf@yc=\dimen259
\pgf@xd=\dimen260
\pgf@yd=\dimen261
\w@pgf@writea=\write3
\r@pgf@reada=\read3
\c@pgf@counta=\count334
\c@pgf@countb=\count335
\c@pgf@countc=\count336
\c@pgf@countd=\count337
\t@pgf@toka=\toks31
\t@pgf@tokb=\toks32
\t@pgf@tokc=\toks33
\pgf@sys@id@count=\count338

(C:\Users\Matth\AppData\Local\Programs\MiKTeX\tex/generic/pgf/systemlayer\pgf.c
fg
File: pgf.cfg 2025-08-29 v3.1.11a (3.1.11a)
)
Driver file for pgf: pgfsys-pdftex.def

(C:\Users\Matth\AppData\Local\Programs\MiKTeX\tex/generic/pgf/systemlayer\pgfsy
s-pdftex.def
File: pgfsys-pdftex.def 2025-08-29 v3.1.11a (3.1.11a)

(C:\Users\Matth\AppData\Local\Programs\MiKTeX\tex/generic/pgf/systemlayer\pgfsy
s-common-pdf.def
File: pgfsys-common-pdf.def 2025-08-29 v3.1.11a (3.1.11a)
)))
(C:\Users\Matth\AppData\Local\Programs\MiKTeX\tex/generic/pgf/systemlayer\pgfsy
ssoftpath.code.tex
File: pgfsyssoftpath.code.tex 2025-08-29 v3.1.11a (3.1.11a)
\pgfsyssoftpath@smallbuffer@items=\count339
\pgfsyssoftpath@bigbuffer@items=\count340
)
(C:\Users\Matth\AppData\Local\Programs\MiKTeX\tex/generic/pgf/systemlayer\pgfsy
sprotocol.code.tex
File: pgfsysprotocol.code.tex 2025-08-29 v3.1.11a (3.1.11a)
))
(C:\Users\Matth\AppData\Local\Programs\MiKTeX\tex/generic/pgf/basiclayer\pgfcor
e.code.tex
Package: pgfcore 2025-08-29 v3.1.11a (3.1.11a)

(C:\Users\Matth\AppData\Local\Programs\MiKTeX\tex/generic/pgf/math\pgfmath.code
.tex
(C:\Users\Matth\AppData\Local\Programs\MiKTeX\tex/generic/pgf/math\pgfmathutil.
code.tex)
(C:\Users\Matth\AppData\Local\Programs\MiKTeX\tex/generic/pgf/math\pgfmathparse
r.code.tex
\pgfmath@dimen=\dimen262
\pgfmath@count=\count341
\pgfmath@box=\box115
\pgfmath@toks=\toks34
\pgfmath@stack@operand=\toks35
\pgfmath@stack@operation=\toks36
)
(C:\Users\Matth\AppData\Local\Programs\MiKTeX\tex/generic/pgf/math\pgfmathfunct
ions.code.tex)
(C:\Users\Matth\AppData\Local\Programs\MiKTeX\tex/generic/pgf/math\pgfmathfunct
ions.basic.code.tex)
(C:\Users\Matth\AppData\Local\Programs\MiKTeX\tex/generic/pgf/math\pgfmathfunct
ions.trigonometric.code.tex)
(C:\Users\Matth\AppData\Local\Programs\MiKTeX\tex/generic/pgf/math\pgfmathfunct
ions.random.code.tex)
(C:\Users\Matth\AppData\Local\Programs\MiKTeX\tex/generic/pgf/math\pgfmathfunct
ions.comparison.code.tex)
(C:\Users\Matth\AppData\Local\Programs\MiKTeX\tex/generic/pgf/math\pgfmathfunct
ions.base.code.tex)
(C:\Users\Matth\AppData\Local\Programs\MiKTeX\tex/generic/pgf/math\pgfmathfunct
ions.round.code.tex)
(C:\Users\Matth\AppData\Local\Programs\MiKTeX\tex/generic/pgf/math\pgfmathfunct
ions.misc.code.tex)
(C:\Users\Matth\AppData\Local\Programs\MiKTeX\tex/generic/pgf/math\pgfmathfunct
ions.integerarithmetics.code.tex)
(C:\Users\Matth\AppData\Local\Programs\MiKTeX\tex/generic/pgf/math\pgfmathcalc.
code.tex)
(C:\Users\Matth\AppData\Local\Programs\MiKTeX\tex/generic/pgf/math\pgfmathfloat
.code.tex
\c@pgfmathroundto@lastzeros=\count342
))
(C:\Users\Matth\AppData\Local\Programs\MiKTeX\tex/generic/pgf/math\pgfint.code.
tex)
(C:\Users\Matth\AppData\Local\Programs\MiKTeX\tex/generic/pgf/basiclayer\pgfcor
epoints.code.tex
File: pgfcorepoints.code.tex 2025-08-29 v3.1.11a (3.1.11a)
\pgf@picminx=\dimen263
\pgf@picmaxx=\dimen264
\pgf@picminy=\dimen265
\pgf@picmaxy=\dimen266
\pgf@pathminx=\dimen267
\pgf@pathmaxx=\dimen268
\pgf@pathminy=\dimen269
\pgf@pathmaxy=\dimen270
\pgf@xx=\dimen271
\pgf@xy=\dimen272
\pgf@yx=\dimen273
\pgf@yy=\dimen274
\pgf@zx=\dimen275
\pgf@zy=\dimen276
)
(C:\Users\Matth\AppData\Local\Programs\MiKTeX\tex/generic/pgf/basiclayer\pgfcor
epathconstruct.code.tex
File: pgfcorepathconstruct.code.tex 2025-08-29 v3.1.11a (3.1.11a)
\pgf@path@lastx=\dimen277
\pgf@path@lasty=\dimen278
)
(C:\Users\Matth\AppData\Local\Programs\MiKTeX\tex/generic/pgf/basiclayer\pgfcor
epathusage.code.tex
File: pgfcorepathusage.code.tex 2025-08-29 v3.1.11a (3.1.11a)
\pgf@shorten@end@additional=\dimen279
\pgf@shorten@start@additional=\dimen280
)
(C:\Users\Matth\AppData\Local\Programs\MiKTeX\tex/generic/pgf/basiclayer\pgfcor
escopes.code.tex
File: pgfcorescopes.code.tex 2025-08-29 v3.1.11a (3.1.11a)
\pgfpic=\box116
\pgf@hbox=\box117
\pgf@layerbox@main=\box118
\pgf@picture@serial@count=\count343
)
(C:\Users\Matth\AppData\Local\Programs\MiKTeX\tex/generic/pgf/basiclayer\pgfcor
egraphicstate.code.tex
File: pgfcoregraphicstate.code.tex 2025-08-29 v3.1.11a (3.1.11a)
\pgflinewidth=\dimen281
)
(C:\Users\Matth\AppData\Local\Programs\MiKTeX\tex/generic/pgf/basiclayer\pgfcor
etransformations.code.tex
File: pgfcoretransformations.code.tex 2025-08-29 v3.1.11a (3.1.11a)
\pgf@pt@x=\dimen282
\pgf@pt@y=\dimen283
\pgf@pt@temp=\dimen284
)
(C:\Users\Matth\AppData\Local\Programs\MiKTeX\tex/generic/pgf/basiclayer\pgfcor
equick.code.tex
File: pgfcorequick.code.tex 2025-08-29 v3.1.11a (3.1.11a)
)
(C:\Users\Matth\AppData\Local\Programs\MiKTeX\tex/generic/pgf/basiclayer\pgfcor
eobjects.code.tex
File: pgfcoreobjects.code.tex 2025-08-29 v3.1.11a (3.1.11a)
)
(C:\Users\Matth\AppData\Local\Programs\MiKTeX\tex/generic/pgf/basiclayer\pgfcor
epathprocessing.code.tex
File: pgfcorepathprocessing.code.tex 2025-08-29 v3.1.11a (3.1.11a)
)
(C:\Users\Matth\AppData\Local\Programs\MiKTeX\tex/generic/pgf/basiclayer\pgfcor
earrows.code.tex
File: pgfcorearrows.code.tex 2025-08-29 v3.1.11a (3.1.11a)
\pgfarrowsep=\dimen285
)
(C:\Users\Matth\AppData\Local\Programs\MiKTeX\tex/generic/pgf/basiclayer\pgfcor
eshade.code.tex
File: pgfcoreshade.code.tex 2025-08-29 v3.1.11a (3.1.11a)
\pgf@max=\dimen286
\pgf@sys@shading@range@num=\count344
\pgf@shadingcount=\count345
)
(C:\Users\Matth\AppData\Local\Programs\MiKTeX\tex/generic/pgf/basiclayer\pgfcor
eimage.code.tex
File: pgfcoreimage.code.tex 2025-08-29 v3.1.11a (3.1.11a)
)
(C:\Users\Matth\AppData\Local\Programs\MiKTeX\tex/generic/pgf/basiclayer\pgfcor
eexternal.code.tex
File: pgfcoreexternal.code.tex 2025-08-29 v3.1.11a (3.1.11a)
\pgfexternal@startupbox=\box119
)
(C:\Users\Matth\AppData\Local\Programs\MiKTeX\tex/generic/pgf/basiclayer\pgfcor
elayers.code.tex
File: pgfcorelayers.code.tex 2025-08-29 v3.1.11a (3.1.11a)
)
(C:\Users\Matth\AppData\Local\Programs\MiKTeX\tex/generic/pgf/basiclayer\pgfcor
etransparency.code.tex
File: pgfcoretransparency.code.tex 2025-08-29 v3.1.11a (3.1.11a)
)
(C:\Users\Matth\AppData\Local\Programs\MiKTeX\tex/generic/pgf/basiclayer\pgfcor
epatterns.code.tex
File: pgfcorepatterns.code.tex 2025-08-29 v3.1.11a (3.1.11a)
)
(C:\Users\Matth\AppData\Local\Programs\MiKTeX\tex/generic/pgf/basiclayer\pgfcor
erdf.code.tex
File: pgfcorerdf.code.tex 2025-08-29 v3.1.11a (3.1.11a)
)))
(C:\Users\Matth\AppData\Local\Programs\MiKTeX\tex/generic/pgf/modules\pgfmodule
shapes.code.tex
File: pgfmoduleshapes.code.tex 2025-08-29 v3.1.11a (3.1.11a)
\pgfnodeparttextbox=\box120
)
(C:\Users\Matth\AppData\Local\Programs\MiKTeX\tex/generic/pgf/modules\pgfmodule
plot.code.tex
File: pgfmoduleplot.code.tex 2025-08-29 v3.1.11a (3.1.11a)
)
(C:\Users\Matth\AppData\Local\Programs\MiKTeX\tex/latex/pgf/compatibility\pgfco
mp-version-0-65.sty
Package: pgfcomp-version-0-65 2025-08-29 v3.1.11a (3.1.11a)
\pgf@nodesepstart=\dimen287
\pgf@nodesepend=\dimen288
)
(C:\Users\Matth\AppData\Local\Programs\MiKTeX\tex/latex/pgf/compatibility\pgfco
mp-version-1-18.sty
Package: pgfcomp-version-1-18 2025-08-29 v3.1.11a (3.1.11a)
))
(C:\Users\Matth\AppData\Local\Programs\MiKTeX\tex/latex/pgf/utilities\pgffor.st
y
(C:\Users\Matth\AppData\Local\Programs\MiKTeX\tex/latex/pgf/utilities\pgfkeys.s
ty
(C:\Users\Matth\AppData\Local\Programs\MiKTeX\tex/generic/pgf/utilities\pgfkeys
.code.tex))
(C:\Users\Matth\AppData\Local\Programs\MiKTeX\tex/latex/pgf/math\pgfmath.sty
(C:\Users\Matth\AppData\Local\Programs\MiKTeX\tex/generic/pgf/math\pgfmath.code
.tex))
(C:\Users\Matth\AppData\Local\Programs\MiKTeX\tex/generic/pgf/utilities\pgffor.
code.tex
Package: pgffor 2025-08-29 v3.1.11a (3.1.11a)
\pgffor@iter=\dimen289
\pgffor@skip=\dimen290
\pgffor@stack=\toks37
\pgffor@toks=\toks38
))
(C:\Users\Matth\AppData\Local\Programs\MiKTeX\tex/generic/pgf/frontendlayer/tik
z\tikz.code.tex
Package: tikz 2025-08-29 v3.1.11a (3.1.11a)

(C:\Users\Matth\AppData\Local\Programs\MiKTeX\tex/generic/pgf/libraries\pgflibr
aryplothandlers.code.tex
File: pgflibraryplothandlers.code.tex 2025-08-29 v3.1.11a (3.1.11a)
\pgf@plot@mark@count=\count346
\pgfplotmarksize=\dimen291
)
\tikz@lastx=\dimen292
\tikz@lasty=\dimen293
\tikz@lastxsaved=\dimen294
\tikz@lastysaved=\dimen295
\tikz@lastmovetox=\dimen296
\tikz@lastmovetoy=\dimen297
\tikzleveldistance=\dimen298
\tikzsiblingdistance=\dimen299
\tikz@figbox=\box121
\tikz@figbox@bg=\box122
\tikz@tempbox=\box123
\tikz@tempbox@bg=\box124
\tikztreelevel=\count347
\tikznumberofchildren=\count348
\tikznumberofcurrentchild=\count349
\tikz@fig@count=\count350

(C:\Users\Matth\AppData\Local\Programs\MiKTeX\tex/generic/pgf/modules\pgfmodule
matrix.code.tex
File: pgfmodulematrix.code.tex 2025-08-29 v3.1.11a (3.1.11a)
\pgfmatrixcurrentrow=\count351
\pgfmatrixcurrentcolumn=\count352
\pgf@matrix@numberofcolumns=\count353
)
\tikz@expandcount=\count354

(C:\Users\Matth\AppData\Local\Programs\MiKTeX\tex/generic/pgf/frontendlayer/tik
z/libraries\tikzlibrarytopaths.code.tex
File: tikzlibrarytopaths.code.tex 2025-08-29 v3.1.11a (3.1.11a)
)))
(C:\Users\Matth\AppData\Local\Programs\MiKTeX\tex/latex/textpos\textpos.sty
Package: textpos 2022/07/23 v1.10.1
Package textpos Info: choosing support for LaTeX3 on input line 60.
\TP@textbox=\box125
\TP@holdbox=\box126
\TPHorizModule=\dimen300
\TPVertModule=\dimen301
\TP@margin=\dimen302
\TP@absmargin=\dimen303

Grid set 16 x 16 = 37.34424pt x 52.81541pt
\TPboxrulesize=\dimen304
\TP@ox=\dimen305
\TP@oy=\dimen306
\TP@tbargs=\toks39
TextBlockOrigin set to 0pt x 0pt
) (C:\Users\Matth\AppData\Local\Programs\MiKTeX\tex/latex/colortbl\colortbl.sty
Package: colortbl 2024/10/29 v1.0k Color table columns (DPC)
(C:\Users\Matth\AppData\Local\Programs\MiKTeX\tex/latex/tools\array.sty
Package: array 2025/09/25 v2.6n Tabular extension package (FMi)
\col@sep=\dimen307
\ar@mcellbox=\box127
\extrarowheight=\dimen308
\NC@list=\toks40
\extratabsurround=\skip144
\backup@length=\skip145
\ar@cellbox=\box128
)
\everycr=\toks41
\minrowclearance=\skip146
\rownum=\count355
)
(C:\Users\Matth\AppData\Local\Programs\MiKTeX\tex/latex/geometry\geometry.sty
Package: geometry 2020/01/02 v5.9 Page Geometry

(C:\Users\Matth\AppData\Local\Programs\MiKTeX\tex/generic/iftex\ifvtex.sty
Package: ifvtex 2019/10/25 v1.7 ifvtex legacy package. Use iftex instead.
)
\Gm@cnth=\count356
\Gm@cntv=\count357
\c@Gm@tempcnt=\count358
\Gm@bindingoffset=\dimen309
\Gm@wd@mp=\dimen310
\Gm@odd@mp=\dimen311
\Gm@even@mp=\dimen312
\Gm@layoutwidth=\dimen313
\Gm@layoutheight=\dimen314
\Gm@layouthoffset=\dimen315
\Gm@layoutvoffset=\dimen316
\Gm@dimlist=\toks42

(C:\Users\Matth\AppData\Local\Programs\MiKTeX\tex/latex/geometry\geometry.cfg))
(C:\Users\Matth\AppData\Local\Programs\MiKTeX\tex/latex/titlesec\titlesec.sty
Package: titlesec 2025/01/04 v2.17 Sectioning titles
\ttl@box=\box129
\beforetitleunit=\skip147
\aftertitleunit=\skip148
\ttl@plus=\dimen317
\ttl@minus=\dimen318
\ttl@toksa=\toks43
\titlewidth=\dimen319
\titlewidthlast=\dimen320
\titlewidthfirst=\dimen321
)
(C:\Users\Matth\AppData\Local\Programs\MiKTeX\tex/latex/doublestroke\dsfont.sty
Package: dsfont 1995/08/01 v0.1 Double stroke roman fonts
) (C:\Users\Matth\AppData\Local\Programs\MiKTeX\tex/latex/hyperref\hyperref.sty
Package: hyperref 2025-07-12 v7.01o Hypertext links for LaTeX

(C:\Users\Matth\AppData\Local\Programs\MiKTeX\tex/generic/pdfescape\pdfescape.s
ty
Package: pdfescape 2019/12/09 v1.15 Implements pdfTeX's escape features (HO)
) (C:\Users\Matth\AppData\Local\Programs\MiKTeX\tex/latex/hycolor\hycolor.sty
Package: hycolor 2020-01-27 v1.10 Color options for hyperref/bookmark (HO)
) (C:\Users\Matth\AppData\Local\Programs\MiKTeX\tex/latex/hyperref\nameref.sty
Package: nameref 2025-06-21 v2.57 Cross-referencing by name of section

(C:\Users\Matth\AppData\Local\Programs\MiKTeX\tex/latex/refcount\refcount.sty
Package: refcount 2019/12/15 v3.6 Data extraction from label references (HO)
)
(C:\Users\Matth\AppData\Local\Programs\MiKTeX\tex/generic/gettitlestring\gettit
lestring.sty
Package: gettitlestring 2019/12/15 v1.6 Cleanup title references (HO)
)
\c@section@level=\count359
)
(C:\Users\Matth\AppData\Local\Programs\MiKTeX\tex/generic/stringenc\stringenc.s
ty
Package: stringenc 2019/11/29 v1.12 Convert strings between diff. encodings (HO
)
)
\@linkdim=\dimen322
\Hy@linkcounter=\count360
\Hy@pagecounter=\count361
 (C:\Users\Matth\AppData\Local\Programs\MiKTeX\tex/latex/hyperref\pd1enc.def
File: pd1enc.def 2025-07-12 v7.01o Hyperref: PDFDocEncoding definition (HO)
Now handling font encoding PD1 ...
... no UTF-8 mapping file for font encoding PD1
) (C:\Users\Matth\AppData\Local\Programs\MiKTeX\tex/generic/intcalc\intcalc.sty
Package: intcalc 2019/12/15 v1.3 Expandable calculations with integers (HO)
)
\Hy@SavedSpaceFactor=\count362
 (C:\Users\Matth\AppData\Local\Programs\MiKTeX\tex/latex/hyperref\puenc.def
File: puenc.def 2025-07-12 v7.01o Hyperref: PDF Unicode definition (HO)
Now handling font encoding PU ...
... no UTF-8 mapping file for font encoding PU
)
Package hyperref Info: Hyper figures OFF on input line 4195.
Package hyperref Info: Link nesting OFF on input line 4200.
Package hyperref Info: Hyper index ON on input line 4203.
Package hyperref Info: Plain pages OFF on input line 4210.
Package hyperref Info: Backreferencing OFF on input line 4215.
Package hyperref Info: Implicit mode ON; LaTeX internals redefined.
Package hyperref Info: Bookmarks ON on input line 4462.
\c@Hy@tempcnt=\count363

(C:\Users\Matth\AppData\Local\Programs\MiKTeX\tex/latex/url\url.sty
\Urlmuskip=\muskip18
Package: url 2013/09/16  ver 3.4  Verb mode for urls, etc.
)
LaTeX Info: Redefining \url on input line 4801.
\XeTeXLinkMargin=\dimen323

(C:\Users\Matth\AppData\Local\Programs\MiKTeX\tex/generic/bitset\bitset.sty
Package: bitset 2019/12/09 v1.3 Handle bit-vector datatype (HO)

(C:\Users\Matth\AppData\Local\Programs\MiKTeX\tex/generic/bigintcalc\bigintcalc
.sty
Package: bigintcalc 2019/12/15 v1.5 Expandable calculations on big integers (HO
)
))
\Fld@menulength=\count364
\Field@Width=\dimen324
\Fld@charsize=\dimen325
Package hyperref Info: Hyper figures OFF on input line 6078.
Package hyperref Info: Link nesting OFF on input line 6083.
Package hyperref Info: Hyper index ON on input line 6086.
Package hyperref Info: backreferencing OFF on input line 6093.
Package hyperref Info: Link coloring OFF on input line 6098.
Package hyperref Info: Link coloring with OCG OFF on input line 6103.
Package hyperref Info: PDF/A mode OFF on input line 6108.
\Hy@abspage=\count365
\c@Item=\count366
\c@Hfootnote=\count367
)
Package hyperref Info: Driver (autodetected): hpdftex.

(C:\Users\Matth\AppData\Local\Programs\MiKTeX\tex/latex/hyperref\hpdftex.def
File: hpdftex.def 2025-07-12 v7.01o Hyperref driver for pdfTeX
\HyAnn@Count=\count368
\Fld@listcount=\count369
\c@bookmark@seq@number=\count370

(C:\Users\Matth\AppData\Local\Programs\MiKTeX\tex/latex/rerunfilecheck\rerunfil
echeck.sty
Package: rerunfilecheck 2025-06-21 v1.11 Rerun checks for auxiliary files (HO)

(C:\Users\Matth\AppData\Local\Programs\MiKTeX\tex/generic/uniquecounter\uniquec
ounter.sty
Package: uniquecounter 2019/12/15 v1.4 Provide unlimited unique counter (HO)
)
Package uniquecounter Info: New unique counter `rerunfilecheck' on input line 2
84.
)
\Hy@SectionHShift=\skip149
)
Package hyperref Info: Option `colorlinks' set `true' on input line 52.

(C:\Users\Matth\AppData\Local\Programs\MiKTeX\tex/latex/biblatex\biblatex.sty
Package: biblatex 2025/07/10 v3.21 programmable bibliographies (PK/MW)

(C:\Users\Matth\AppData\Local\Programs\MiKTeX\tex/latex/logreq\logreq.sty
Package: logreq 2010/08/04 v1.0 xml request logger
\lrq@indent=\count371

(C:\Users\Matth\AppData\Local\Programs\MiKTeX\tex/latex/logreq\logreq.def
File: logreq.def 2010/08/04 v1.0 logreq spec v1.0
))
\c@tabx@nest=\count372
\c@listtotal=\count373
\c@listcount=\count374
\c@liststart=\count375
\c@liststop=\count376
\c@citecount=\count377
\c@citetotal=\count378
\c@multicitecount=\count379
\c@multicitetotal=\count380
\c@instcount=\count381
\c@maxnames=\count382
\c@minnames=\count383
\c@maxitems=\count384
\c@minitems=\count385
\c@citecounter=\count386
\c@maxcitecounter=\count387
\c@savedcitecounter=\count388
\c@uniquelist=\count389
\c@uniquename=\count390
\c@refsection=\count391
\c@refsegment=\count392
\c@maxextratitle=\count393
\c@maxextratitleyear=\count394
\c@maxextraname=\count395
\c@maxextradate=\count396
\c@maxextraalpha=\count397
\c@abbrvpenalty=\count398
\c@highnamepenalty=\count399
\c@lownamepenalty=\count400
\c@maxparens=\count401
\c@parenlevel=\count402
\blx@tempcnta=\count403
\blx@tempcntb=\count404
\blx@tempcntc=\count405
\c@blx@maxsection=\count406
\blx@maxsegment@0=\count407
\blx@notetype=\count408
\blx@parenlevel@text=\count409
\blx@parenlevel@foot=\count410
\blx@sectionciteorder@0=\count411
\blx@sectionciteorderinternal@0=\count412
\blx@entrysetcounter=\count413
\blx@biblioinstance=\count414
\labelnumberwidth=\skip150
\labelalphawidth=\skip151
\biblabelsep=\skip152
\bibitemsep=\skip153
\bibnamesep=\skip154
\bibinitsep=\skip155
\bibparsep=\skip156
\bibhang=\skip157
\blx@bcfin=\read4
\blx@bcfout=\write4
\blx@langwohyphens=\language80
\c@mincomprange=\count415
\c@maxcomprange=\count416
\c@mincompwidth=\count417
Package biblatex Info: Trying to load biblatex default data model...
Package biblatex Info: ... file 'blx-dm.def' found.

(C:\Users\Matth\AppData\Local\Programs\MiKTeX\tex/latex/biblatex\blx-dm.def
File: blx-dm.def 2025/07/10 v3.21 biblatex datamodel (PK/MW)
)
Package biblatex Info: Trying to load biblatex style data model...
Package biblatex Info: ... file 'numeric.dbx' not found.
Package biblatex Info: Trying to load biblatex custom data model...
Package biblatex Info: ... file 'biblatex-dm.cfg' not found.
\c@afterword=\count418
\c@savedafterword=\count419
\c@annotator=\count420
\c@savedannotator=\count421
\c@author=\count422
\c@savedauthor=\count423
\c@bookauthor=\count424
\c@savedbookauthor=\count425
\c@commentator=\count426
\c@savedcommentator=\count427
\c@editor=\count428
\c@savededitor=\count429
\c@editora=\count430
\c@savededitora=\count431
\c@editorb=\count432
\c@savededitorb=\count433
\c@editorc=\count434
\c@savededitorc=\count435
\c@foreword=\count436
\c@savedforeword=\count437
\c@holder=\count438
\c@savedholder=\count439
\c@introduction=\count440
\c@savedintroduction=\count441
\c@namea=\count442
\c@savednamea=\count443
\c@nameb=\count444
\c@savednameb=\count445
\c@namec=\count446
\c@savednamec=\count447
\c@translator=\count448
\c@savedtranslator=\count449
\c@shortauthor=\count450
\c@savedshortauthor=\count451
\c@shorteditor=\count452
\c@savedshorteditor=\count453
\c@labelname=\count454
\c@savedlabelname=\count455
\c@institution=\count456
\c@savedinstitution=\count457
\c@lista=\count458
\c@savedlista=\count459
\c@listb=\count460
\c@savedlistb=\count461
\c@listc=\count462
\c@savedlistc=\count463
\c@listd=\count464
\c@savedlistd=\count465
\c@liste=\count466
\c@savedliste=\count467
\c@listf=\count468
\c@savedlistf=\count469
\c@location=\count470
\c@savedlocation=\count471
\c@organization=\count472
\c@savedorganization=\count473
\c@origlocation=\count474
\c@savedoriglocation=\count475
\c@origpublisher=\count476
\c@savedorigpublisher=\count477
\c@publisher=\count478
\c@savedpublisher=\count479
\c@language=\count480
\c@savedlanguage=\count481
\c@origlanguage=\count482
\c@savedoriglanguage=\count483
\c@pageref=\count484
\c@savedpageref=\count485
\shorthandwidth=\skip158
\shortjournalwidth=\skip159
\shortserieswidth=\skip160
\shorttitlewidth=\skip161
\shortauthorwidth=\skip162
\shorteditorwidth=\skip163
\locallabelnumberwidth=\skip164
\locallabelalphawidth=\skip165
\localshorthandwidth=\skip166
\localshortjournalwidth=\skip167
\localshortserieswidth=\skip168
\localshorttitlewidth=\skip169
\localshortauthorwidth=\skip170
\localshorteditorwidth=\skip171
Package biblatex Info: Trying to load compatibility code...
Package biblatex Info: ... file 'blx-compat.def' found.

(C:\Users\Matth\AppData\Local\Programs\MiKTeX\tex/latex/biblatex\blx-compat.def
File: blx-compat.def 2025/07/10 v3.21 biblatex compatibility (PK/MW)
)
Package biblatex Info: Trying to load generic definitions...
Package biblatex Info: ... file 'biblatex.def' found.
 (C:\Users\Matth\AppData\Local\Programs\MiKTeX\tex/latex/biblatex\biblatex.def
File: biblatex.def 2025/07/10 v3.21 biblatex compatibility (PK/MW)
\c@textcitecount=\count486
\c@textcitetotal=\count487
\c@textcitemaxnames=\count488
\c@biburlbigbreakpenalty=\count489
\c@biburlbreakpenalty=\count490
\c@biburlnumpenalty=\count491
\c@biburlucpenalty=\count492
\c@biburllcpenalty=\count493
\biburlbigskip=\muskip19
\biburlnumskip=\muskip20
\biburlucskip=\muskip21
\biburllcskip=\muskip22
\c@smartand=\count494
)
Package biblatex Info: Trying to load natbib compatibility...
Package biblatex Info: ... file 'blx-natbib.def' found.

(C:\Users\Matth\AppData\Local\Programs\MiKTeX\tex/latex/biblatex\blx-natbib.def
File: blx-natbib.def 2025/07/10 v3.21 biblatex compatibility (PK/MW)
Package biblatex Info: Delimiter 'nameyeardelim' in context '' already defined,
 overwriting.
)
Package biblatex Info: Trying to load bibliography style 'numeric'...
Package biblatex Info: ... file 'numeric.bbx' found.

(C:\Users\Matth\AppData\Local\Programs\MiKTeX\tex/latex/biblatex/bbx\numeric.bb
x
File: numeric.bbx 2025/07/10 v3.21 biblatex bibliography style (PK/MW)
Package biblatex Info: Trying to load bibliography style 'standard'...
Package biblatex Info: ... file 'standard.bbx' found.

(C:\Users\Matth\AppData\Local\Programs\MiKTeX\tex/latex/biblatex/bbx\standard.b
bx
File: standard.bbx 2025/07/10 v3.21 biblatex bibliography style (PK/MW)
\c@bbx:relatedcount=\count495
\c@bbx:relatedtotal=\count496
))
Package biblatex Info: Trying to load citation style 'numeric'...
Package biblatex Info: ... file 'numeric.cbx' found.

(C:\Users\Matth\AppData\Local\Programs\MiKTeX\tex/latex/biblatex/cbx\numeric.cb
x
File: numeric.cbx 2025/07/10 v3.21 biblatex citation style (PK/MW)
Package biblatex Info: Redefining '\cite'.
Package biblatex Info: Redefining '\parencite'.
Package biblatex Info: Redefining '\footcite'.
Package biblatex Info: Redefining '\footcitetext'.
Package biblatex Info: Redefining '\smartcite'.
Package biblatex Info: Redefining '\supercite'.
Package biblatex Info: Redefining '\textcite'.
Package biblatex Info: Redefining '\textcites'.
Package biblatex Info: Redefining '\cites'.
Package biblatex Info: Redefining '\parencites'.
Package biblatex Info: Redefining '\smartcites'.
)
Package biblatex Info: Trying to load configuration file...
Package biblatex Info: ... file 'biblatex.cfg' found.

(C:\Users\Matth\AppData\Local\Programs\MiKTeX\tex/latex/biblatex\biblatex.cfg
File: biblatex.cfg 
)
Package biblatex Info: Input encoding 'utf8' detected.
Package biblatex Info: Document encoding is UTF8 ....
Package biblatex Info: ... and expl3
(biblatex)             2025-10-24 L3 programming layer (loader) 
(biblatex)             is new enough (at least 2020/04/06),
(biblatex)             setting 'casechanger=expl3'.

(C:\Users\Matth\AppData\Local\Programs\MiKTeX\tex/latex/biblatex\blx-case-expl3
.sty
Package: blx-case-expl3 2025/07/10 v3.21 expl3 case changing code for biblatex
))
(C:\Users\Matth\AppData\Local\Programs\MiKTeX\tex/latex/lipsum\lipsum.sty
(C:\Users\Matth\AppData\Local\Programs\MiKTeX\tex/latex/l3packages/l3keys2e\l3k
eys2e.sty
Package: l3keys2e 2025-10-09 LaTeX2e option processing using LaTeX3 keys
)
Package: lipsum 2021-09-20 v2.7 150 paragraphs of Lorem Ipsum dummy text
\g__lipsum_par_int=\count497
\l__lipsum_a_int=\count498
\l__lipsum_b_int=\count499

(C:\Users\Matth\AppData\Local\Programs\MiKTeX\tex/latex/lipsum\lipsum.ltd.tex))

Package biblatex Warning: 'babel/polyglossia' detected but 'csquotes' missing.
(biblatex)                Loading 'csquotes' recommended.

\@quotelevel=\count500
\@quotereset=\count501
LaTeX Font Info:    Trying to load font information for T1+opensans-TOsF on inp
ut line 68.

(C:\Users\Matth\AppData\Local\Programs\MiKTeX\tex/latex/opensans\t1opensans-tos
f.fd
File: T1opensans-TOsF.fd 2019/06/24 Font definitions for T1/opensans-TOsF.
)
LaTeX Font Info:    Font shape `T1/opensans-TOsF/m/n' will be
(Font)              scaled to size 11.39996pt on input line 68.
 (Modele_These_UParisSaclay_2022.aux
Package babel Info: 'french' activates 'french' shorthands.
(babel)             Reported on input line 14.
LaTeX Font Info:    Trying to load font information for TS1+opensans-TOsF on in
put line 14.

(C:\Users\Matth\AppData\Local\Programs\MiKTeX\tex/latex/opensans\ts1opensans-to
sf.fd
File: TS1opensans-TOsF.fd 2019/06/24 Font definitions for TS1/opensans-TOsF.
)
LaTeX Font Info:    Font shape `TS1/opensans-TOsF/m/n' will be
(Font)              scaled to size 11.39996pt on input line 14.
 (Introduction.aux) (Problematique.aux) (Etat de l art.aux) (EUSIPCO.aux) (Gros
TAF.aux) (Stage.aux))
\openout1 = `Modele_These_UParisSaclay_2022.aux'.

LaTeX Font Info:    Checking defaults for OML/cmm/m/it on input line 68.
LaTeX Font Info:    ... okay on input line 68.
LaTeX Font Info:    Checking defaults for OMS/cmsy/m/n on input line 68.
LaTeX Font Info:    ... okay on input line 68.
LaTeX Font Info:    Checking defaults for OT1/cmr/m/n on input line 68.
LaTeX Font Info:    ... okay on input line 68.
LaTeX Font Info:    Checking defaults for T1/cmr/m/n on input line 68.
LaTeX Font Info:    ... okay on input line 68.
LaTeX Font Info:    Checking defaults for TS1/cmr/m/n on input line 68.
LaTeX Font Info:    ... okay on input line 68.
LaTeX Font Info:    Checking defaults for OMX/cmex/m/n on input line 68.
LaTeX Font Info:    ... okay on input line 68.
LaTeX Font Info:    Checking defaults for U/cmr/m/n on input line 68.
LaTeX Font Info:    ... okay on input line 68.
LaTeX Font Info:    Checking defaults for PD1/pdf/m/n on input line 68.
LaTeX Font Info:    ... okay on input line 68.
LaTeX Font Info:    Checking defaults for PU/pdf/m/n on input line 68.
LaTeX Font Info:    ... okay on input line 68.
LaTeX Info: Redefining \degres on input line 68.
\c@mv@tabular=\count502
\c@mv@boldtabular=\count503
Package caption Info: Begin \AtBeginDocument code.
Package caption Info: hyperref package is loaded.
Package caption Info: End \AtBeginDocument code.

(C:\Users\Matth\AppData\Local\Programs\MiKTeX\tex/context/base/mkii\supp-pdf.mk
ii
[Loading MPS to PDF converter (version 2006.09.02).]
\scratchcounter=\count504
\scratchdimen=\dimen326
\scratchbox=\box130
\nofMPsegments=\count505
\nofMParguments=\count506
\everyMPshowfont=\toks44
\MPscratchCnt=\count507
\MPscratchDim=\dimen327
\MPnumerator=\count508
\makeMPintoPDFobject=\count509
\everyMPtoPDFconversion=\toks45
)
(C:\Users\Matth\AppData\Local\Programs\MiKTeX\tex/latex/epstopdf-pkg\epstopdf-b
ase.sty
Package: epstopdf-base 2020-01-24 v2.11 Base part for package epstopdf
Package epstopdf-base Info: Redefining graphics rule for `.eps' on input line 4
85.

(C:\Users\Matth\AppData\Local\Programs\MiKTeX\tex/latex/00miktex\epstopdf-sys.c
fg
File: epstopdf-sys.cfg 2021/03/18 v2.0 Configuration of epstopdf for MiKTeX
))
*geometry* driver: auto-detecting
*geometry* detected driver: pdftex
*geometry* verbose mode - [ preamble ] result:
* driver: pdftex
* paper: a4paper
* layout: <same size as paper>
* layoutoffset:(h,v)=(0.0pt,0.0pt)
* modes: twoside 
* h-part:(L,W,R)=(71.70166pt, 418.25368pt, 107.55254pt)
* v-part:(T,H,B)=(101.40665pt, 591.5302pt, 152.11pt)
* \paperwidth=597.50787pt
* \paperheight=845.04684pt
* \textwidth=418.25368pt
* \textheight=591.5302pt
* \oddsidemargin=-0.56833pt
* \evensidemargin=35.28255pt
* \topmargin=-2.73714pt
* \headheight=12.0pt
* \headsep=19.8738pt
* \topskip=12.0pt
* \footskip=30.0pt
* \marginparwidth=88.0pt
* \marginparsep=7.0pt
* \columnsep=10.0pt
* \skip\footins=10.8pt plus 4.0pt minus 2.0pt
* \hoffset=0.0pt
* \voffset=0.0pt
* \mag=1000
* \@twocolumnfalse
* \@twosidetrue
* \@mparswitchtrue
* \@reversemarginfalse
* (1in=72.27pt=25.4mm, 1cm=28.453pt)

Package hyperref Info: Link coloring ON on input line 68.
(Modele_These_UParisSaclay_2022.out) (Modele_These_UParisSaclay_2022.out)
\@outlinefile=\write5
\openout5 = `Modele_These_UParisSaclay_2022.out'.

Package biblatex Info: Trying to load language 'french'...
Package biblatex Info: ... file 'french.lbx' found.

(C:\Users\Matth\AppData\Local\Programs\MiKTeX\tex/latex/biblatex/lbx\french.lbx
File: french.lbx 2025/07/10 v3.21 biblatex localization (PK/MW)
)
Package biblatex Info: Input encoding 'utf8' detected.
Package biblatex Info: Automatic encoding selection.
(biblatex)             Assuming data encoding 'utf8'.
\openout4 = `Modele_These_UParisSaclay_2022.bcf'.

Package biblatex Info: Trying to load bibliographic data...
Package biblatex Info: ... file 'Modele_These_UParisSaclay_2022.bbl' found.
 (Modele_These_UParisSaclay_2022.bbl)
Package biblatex Info: Reference section=0 on input line 68.
Package biblatex Info: Reference segment=0 on input line 68.
*geometry* verbose mode - [ newgeometry ] result:
* driver: pdftex
* paper: a4paper
* layout: <same size as paper>
* layoutoffset:(h,v)=(0.0pt,0.0pt)
* modes: twoside 
* h-part:(L,W,R)=(170.71652pt, 398.33861pt, 28.45274pt)
* v-part:(T,H,B)=(28.45274pt, 759.6886pt, 56.9055pt)
* \paperwidth=597.50787pt
* \paperheight=845.04684pt
* \textwidth=398.33861pt
* \textheight=759.6886pt
* \oddsidemargin=98.44653pt
* \evensidemargin=-43.81725pt
* \topmargin=-75.69104pt
* \headheight=12.0pt
* \headsep=19.8738pt
* \topskip=12.0pt
* \footskip=30.0pt
* \marginparwidth=88.0pt
* \marginparsep=7.0pt
* \columnsep=10.0pt
* \skip\footins=10.8pt plus 4.0pt minus 2.0pt
* \hoffset=0.0pt
* \voffset=0.0pt
* \mag=1000
* \@twocolumnfalse
* \@twosidetrue
* \@mparswitchtrue
* \@reversemarginfalse
* (1in=72.27pt=25.4mm, 1cm=28.453pt)

<Frame-ups.pdf, id=350, 303.38344pt x 849.92531pt>
File: Frame-ups.pdf Graphic file (type pdf)
<use Frame-ups.pdf>
Package pdftex.def Info: Frame-ups.pdf  used on input line 76.
(pdftex.def)             Requested size: 303.38269pt x 849.92323pt.
LaTeX Font Info:    Font shape `T1/opensans-TOsF/m/n' will be
(Font)              scaled to size 16.41594pt on input line 86.


LaTeX Font Warning: Font shape `T1/opensans-TOsF/m/sc' undefined
(Font)              using `T1/opensans-TOsF/m/n' instead on input line 86.

<logo2.png, id=351, 194.97844pt x 87.32625pt>
File: logo2.png Graphic file (type png)
<use logo2.png>
Package pdftex.def Info: logo2.png  used on input line 95.
(pdftex.def)             Requested size: 194.97795pt x 87.32603pt.
LaTeX Font Info:    Font shape `T1/opensans-TOsF/m/n' will be
(Font)              scaled to size 20.89993pt on input line 105.
LaTeX Font Info:    Font shape `T1/opensans-TOsF/m/n' will be
(Font)              scaled to size 23.63593pt on input line 106.
LaTeX Font Info:    Font shape `T1/opensans-TOsF/m/it' will be
(Font)              scaled to size 16.41594pt on input line 110.
LaTeX Font Info:    Font shape `T1/opensans-TOsF/m/n' will be
(Font)              scaled to size 7.59998pt on input line 114.
LaTeX Font Info:    Font shape `T1/opensans-TOsF/b/n' will be
(Font)              scaled to size 11.39996pt on input line 119.
LaTeX Font Info:    Font shape `T1/opensans-TOsF/m/n' will be
(Font)              scaled to size 10.40245pt on input line 123.
LaTeX Font Info:    Trying to load font information for U+msa on input line 123
.
(C:\Users\Matth\AppData\Local\Programs\MiKTeX\tex/latex/amsfonts\umsa.fd
File: umsa.fd 2013/01/14 v3.01 AMS symbols A
)
LaTeX Font Info:    Trying to load font information for U+msb on input line 123
.

(C:\Users\Matth\AppData\Local\Programs\MiKTeX\tex/latex/amsfonts\umsb.fd
File: umsb.fd 2013/01/14 v3.01 AMS symbols B
)
LaTeX Font Info:    Font shape `T1/opensans-TOsF/m/n' will be
(Font)              scaled to size 9.49997pt on input line 128.
LaTeX Font Info:    Font shape `T1/opensans-TOsF/b/n' will be
(Font)              scaled to size 9.49997pt on input line 128.
LaTeX Font Info:    Font shape `T1/opensans-TOsF/b/n' will be
(Font)              scaled to size 16.41594pt on input line 133.
LaTeX Font Info:    Font shape `T1/opensans-TOsF/b/n' will be
(Font)              scaled to size 10.40245pt on input line 142.
LaTeX Font Info:    Font shape `T1/opensans-TOsF/b/n' will be
(Font)              scaled to size 7.59998pt on input line 148.

[1



{C:/Users/Matth/AppData/Local/MiKTeX/fonts/map/pdftex/pdftex.map}{C:/Users/Matt
h/AppData/Local/Programs/MiKTeX/fonts/enc/dvips/opensans/a_p2vepx.enc} <./Frame
-ups.pdf> <./logo2.png>]
*geometry* verbose mode - [ newgeometry ] result:
* driver: pdftex
* paper: a4paper
* layout: <same size as paper>
* layoutoffset:(h,v)=(0.0pt,0.0pt)
* modes: twoside 
* h-part:(L,W,R)=(56.9055pt, 483.69687pt, 56.9055pt)
* v-part:(T,H,B)=(42.67912pt, 766.80179pt, 35.56593pt)
* \paperwidth=597.50787pt
* \paperheight=845.04684pt
* \textwidth=483.69687pt
* \textheight=766.80179pt
* \oddsidemargin=-15.36449pt
* \evensidemargin=-15.36449pt
* \topmargin=-61.46466pt
* \headheight=12.0pt
* \headsep=19.8738pt
* \topskip=12.0pt
* \footskip=30.0pt
* \marginparwidth=88.0pt
* \marginparsep=7.0pt
* \columnsep=10.0pt
* \skip\footins=10.8pt plus 4.0pt minus 2.0pt
* \hoffset=0.0pt
* \voffset=0.0pt
* \mag=1000
* \@twocolumnfalse
* \@twosidetrue
* \@mparswitchtrue
* \@reversemarginfalse
* (1in=72.27pt=25.4mm, 1cm=28.453pt)

<logo_ups_EOBE.png, id=367, 1734.48pt x 397.485pt>
File: logo_ups_EOBE.png Graphic file (type png)
<use logo_ups_EOBE.png>
Package pdftex.def Info: logo_ups_EOBE.png  used on input line 174.
(pdftex.def)             Requested size: 304.17374pt x 69.70915pt.
Package mdframed Info: mdframed works in twoside mode on input line 180.
Package mdframed Info: mdframed works in twoside mode on input line 195.
 [2

 <./logo_ups_EOBE.png>]
*geometry* verbose mode - [ newgeometry ] result:
* driver: pdftex
* paper: a4paper
* layout: <same size as paper>
* layoutoffset:(h,v)=(0.0pt,0.0pt)
* modes: twoside 
* h-part:(L,W,R)=(56.9055pt, 483.69687pt, 56.9055pt)
* v-part:(T,H,B)=(113.81102pt, 617.4248pt, 113.81102pt)
* \paperwidth=597.50787pt
* \paperheight=845.04684pt
* \textwidth=483.69687pt
* \textheight=617.4248pt
* \oddsidemargin=-15.36449pt
* \evensidemargin=-15.36449pt
* \topmargin=9.66724pt
* \headheight=12.0pt
* \headsep=19.8738pt
* \topskip=12.0pt
* \footskip=30.0pt
* \marginparwidth=88.0pt
* \marginparsep=7.0pt
* \columnsep=10.0pt
* \skip\footins=10.8pt plus 4.0pt minus 2.0pt
* \hoffset=0.0pt
* \voffset=0.0pt
* \mag=1000
* \@twocolumnfalse
* \@twosidetrue
* \@mparswitchtrue
* \@reversemarginfalse
* (1in=72.27pt=25.4mm, 1cm=28.453pt)

LaTeX Font Info:    Font shape `T1/opensans-TOsF/b/n' will be
(Font)              scaled to size 23.63593pt on input line 248.

(Modele_These_UParisSaclay_2022.toc [3


] [4])
\tf@toc=\write6
\openout6 = `Modele_These_UParisSaclay_2022.toc'.

 [5]
*geometry* verbose mode - [ newgeometry ] result:
* driver: pdftex
* paper: a4paper
* layout: <same size as paper>
* layoutoffset:(h,v)=(0.0pt,0.0pt)
* modes: twoside 
* h-part:(L,W,R)=(71.13188pt, 455.24411pt, 71.13188pt)
* v-part:(T,H,B)=(113.81102pt, 617.4248pt, 113.81102pt)
* \paperwidth=597.50787pt
* \paperheight=845.04684pt
* \textwidth=455.24411pt
* \textheight=617.4248pt
* \oddsidemargin=-1.1381pt
* \evensidemargin=-1.1381pt
* \topmargin=9.66724pt
* \headheight=12.0pt
* \headsep=19.8738pt
* \topskip=12.0pt
* \footskip=30.0pt
* \marginparwidth=88.0pt
* \marginparsep=7.0pt
* \columnsep=10.0pt
* \skip\footins=10.8pt plus 4.0pt minus 2.0pt
* \hoffset=0.0pt
* \voffset=0.0pt
* \mag=1000
* \@twocolumnfalse
* \@twosidetrue
* \@mparswitchtrue
* \@reversemarginfalse
* (1in=72.27pt=25.4mm, 1cm=28.453pt)

\openout2 = `Introduction.aux'.

 (Introduction.tex [6



]
Chapitre 1.

Underfull \hbox (badness 10000) in paragraph at lines 3--4

 []

LaTeX Font Info:    Font shape `T1/opensans-TOsF/m/it' will be
(Font)              scaled to size 10.40245pt on input line 5.

Underfull \hbox (badness 10000) in paragraph at lines 8--9

 []

[7]
Underfull \hbox (badness 10000) in paragraph at lines 26--27

 []

LaTeX Font Info:    Font shape `TS1/opensans-TOsF/m/n' will be
(Font)              scaled to size 10.40245pt on input line 29.
[8]
Underfull \hbox (badness 10000) in paragraph at lines 34--35

 []

[9{C:/Users/Matth/AppData/Local/Programs/MiKTeX/fonts/enc/dvips/opensans/a_nvvu
cy.enc}] [10]
Underfull \hbox (badness 10000) in paragraph at lines 67--68

 []


Underfull \hbox (badness 10000) in paragraph at lines 69--70

 []


Underfull \hbox (badness 10000) in paragraph at lines 71--72

 []


Underfull \hbox (badness 10000) in paragraph at lines 73--74

 []


Underfull \hbox (badness 10000) in paragraph at lines 75--76

 []

) [11] [12]
\openout2 = `Problematique.aux'.

 (Problematique.tex
Chapitre 2.
<apport_tactic.png, id=506, 510.40688pt x 621.82312pt>
File: apport_tactic.png Graphic file (type png)
<use apport_tactic.png>
Package pdftex.def Info: apport_tactic.png  used on input line 12.
(pdftex.def)             Requested size: 408.32605pt x 497.45917pt.
LaTeX Font Info:    Font shape `T1/opensans-TOsF/m/sc' will be
(Font)              scaled to size 11.39996pt on input line 14.
LaTeX Font Info:    Font shape `T1/opensans-TOsF/m/sc' will be
(Font)              scaled to size 10.40245pt on input line 14.

Underfull \hbox (badness 10000) in paragraph at lines 19--21

 []


Underfull \vbox (badness 7468) has occurred while \output is active []

 [13




]
[14 <./apport_tactic.png>]
Overfull \hbox (16.67595pt too wide) in paragraph at lines 24--25
[]\T1/opensans-TOsF/m/sc/10.95 Le fonc-tion-ne-ment in-terne du cap-teur ESM ne
 se li-mite pas à une simple conver-sion analogique-
 []


Underfull \hbox (badness 10000) in paragraph at lines 24--25

 []

<env0.png, id=519, 1323.44438pt x 205.5178pt>
File: env0.png Graphic file (type png)
<use env0.png>
Package pdftex.def Info: env0.png  used on input line 29.
(pdftex.def)             Requested size: 436.738pt x 67.82108pt.
[15 <./env0.png>]
Underfull \hbox (badness 10000) in paragraph at lines 39--41

 []


Underfull \vbox (badness 4819) has occurred while \output is active []

 [16]
<dragon.png, id=541, 867.24pt x 693.135pt>
File: dragon.png Graphic file (type png)
<use dragon.png>
Package pdftex.def Info: dragon.png  used on input line 49.
(pdftex.def)             Requested size: 433.61894pt x 346.56665pt.
<IOexemple.png, id=542, 2900.58656pt x 1242.89343pt>
File: IOexemple.png Graphic file (type png)
<use IOexemple.png>
Package pdftex.def Info: IOexemple.png  used on input line 58.
(pdftex.def)             Requested size: 435.06921pt x 186.42596pt.
<env1.png, id=544, 1323.44438pt x 438.13687pt>
File: env1.png Graphic file (type png)
<use env1.png>
Package pdftex.def Info: env1.png  used on input line 71.
(pdftex.def)             Requested size: 436.738pt x 144.5856pt.

[17] [18 <./dragon.png>] [19 <./IOexemple.png> <./env1.png>]
Underfull \hbox (badness 10000) in paragraph at lines 81--82

 []


Underfull \hbox (badness 10000) in paragraph at lines 83--84

 []

<window.png, id=564, 539.616pt x 352.809pt>
File: window.png Graphic file (type png)
<use window.png>
Package pdftex.def Info: window.png  used on input line 89.
(pdftex.def)             Requested size: 431.69339pt x 282.24757pt.
[20] [21 <./window.png>]
<env2.png, id=577, 918.43124pt x 443.40656pt>
File: env2.png Graphic file (type png)
<use env2.png>
Package pdftex.def Info: env2.png  used on input line 108.
(pdftex.def)             Requested size: 413.29024pt x 199.5311pt.

Underfull \vbox (badness 7667) has occurred while \output is active []

 [22]
Underfull \hbox (badness 10000) in paragraph at lines 118--119

 []

[23 <./env2.png>]
Underfull \hbox (badness 10000) in paragraph at lines 123--124

 []


Underfull \hbox (badness 10000) in paragraph at lines 125--126

 []


Underfull \hbox (badness 10000) in paragraph at lines 127--129

 []

[24]) [25]
\openout2 = `"Etat de l art.aux"'.

 (Etat de l art.tex
Overfull \hbox (5.0637pt too wide) in paragraph at lines 13--14
[]\T1/opensans-TOsF/m/sc/10.95 Cette sec-tion pré-sente les ar-chi-tec-tures co
nnues pour leurs ca-pa-ci-tés à trai-ter des sé-quences,
 []


Underfull \vbox (badness 10000) has occurred while \output is active []

 [26



]
[27] [28

]
Chapitre 3.

Overfull \hbox (1.1005pt too wide) in paragraph at lines 75--75
|[]\T1/opensans-TOsF/b/n/17.28 Environnements Nu-mé-riques et fon-de-ments de l
'In-
 []

[29]
Underfull \hbox (badness 10000) in paragraph at lines 90--91

 []


Underfull \vbox (badness 2035) has occurred while \output is active []

 [30]
LaTeX Font Info:    Font shape `T1/opensans-TOsF/m/it' will be
(Font)              scaled to size 11.39996pt on input line 97.

Underfull \hbox (badness 10000) in paragraph at lines 101--102

 []

[31]
Underfull \hbox (badness 10000) in paragraph at lines 109--110

 []


Underfull \hbox (badness 10000) in paragraph at lines 111--112

 []


Underfull \hbox (badness 10000) in paragraph at lines 116--117

 []


Underfull \hbox (badness 10000) in paragraph at lines 121--122

 []

[32]
Underfull \hbox (badness 10000) in paragraph at lines 131--132

 []


Underfull \hbox (badness 10000) in paragraph at lines 133--134

 []


Underfull \hbox (badness 10000) in paragraph at lines 135--136

 []


Underfull \vbox (badness 2762) has occurred while \output is active []

 [33]
[34]
Underfull \vbox (badness 2393) has occurred while \output is active []

 [35]
Overfull \hbox (14.96788pt too wide) in paragraph at lines 169--170
\T1/opensans-TOsF/m/sc/10.95 éco-sys-tème ré-ac-tif et adap-ta-tif. L'ob-jec-ti
f est d'en-ri-chir la dy-na-mique in-ter-ac-tion-nelle pour confron-
 []


Underfull \hbox (badness 10000) in paragraph at lines 175--176

 []

[36]
Overfull \hbox (4.24686pt too wide) in paragraph at lines 180--181
[]\T1/opensans-TOsF/m/sc/10.95 Au re-gard des dis-tinc-tions éta-blies pré-cé-d
em-ment, la clas-si-fi-ca-tion du sys-tème étu-dié s'opère
 []


Underfull \hbox (badness 10000) in paragraph at lines 180--181

 []

[37] [38] [39] [40]
LaTeX Font Info:    Font shape `T1/opensans-TOsF/m/n' will be
(Font)              scaled to size 5.69998pt on input line 237.

Overfull \hbox (8.37344pt too wide) in paragraph at lines 237--238
\T1/opensans-TOsF/m/sc/10.95 RNN, Trans-for-mer) est de mo-dé-li-ser cette fonc
-tion de dé-pen-dance condi-tion-nelle $\OML/cmm/m/it/10.95 P\OT1/cmr/m/n/10.95
 (\OML/cmm/m/it/10.95 x[]\OMS/cmsy/m/n/10.95 j[]\OT1/cmr/m/n/10.95 )$\T1/opensa
ns-TOsF/m/sc/10.95 .
 []

[41]
Underfull \hbox (badness 10000) in paragraph at lines 248--249

 []


Underfull \hbox (badness 10000) in paragraph at lines 251--253

 []

[42]
Underfull \hbox (badness 10000) in paragraph at lines 268--270

 []

<BasicConvolution.png, id=795, 1152.55594pt x 533.74406pt>
File: BasicConvolution.png Graphic file (type png)
<use BasicConvolution.png>
Package pdftex.def Info: BasicConvolution.png  used on input line 273.
(pdftex.def)             Requested size: 288.13828pt x 133.43568pt.
[43 <./BasicConvolution.png>]
<ComparaisonConvolution.png, id=806, 941.76843pt x 399.74344pt>
File: ComparaisonConvolution.png Graphic file (type png)
<use ComparaisonConvolution.png>
Package pdftex.def Info: ComparaisonConvolution.png  used on input line 283.
(pdftex.def)             Requested size: 423.79187pt x 179.88287pt.
 [44 <./ComparaisonConvolution.png>] [45] [46]
Underfull \hbox (badness 10000) in paragraph at lines 315--317

 []


Underfull \hbox (badness 10000) in paragraph at lines 318--319

 []


Underfull \hbox (badness 10000) in paragraph at lines 328--330

 []

<BasicRNN.png, id=864, 770.12718pt x 249.93375pt>
File: BasicRNN.png Graphic file (type png)
<use BasicRNN.png>
Package pdftex.def Info: BasicRNN.png  used on input line 333.
(pdftex.def)             Requested size: 269.54854pt x 87.47812pt.
[47]
<ComparaisonRNN.png, id=872, 1030.60031pt x 338.01282pt>
File: ComparaisonRNN.png Graphic file (type png)
<use ComparaisonRNN.png>
Package pdftex.def Info: ComparaisonRNN.png  used on input line 343.
(pdftex.def)             Requested size: 412.23282pt x 135.20271pt.

Underfull \vbox (badness 10000) has occurred while \output is active []

 [48 <./BasicRNN.png> <./ComparaisonRNN.png>] [49]
Underfull \hbox (badness 10000) in paragraph at lines 365--366

 []

[50]
Underfull \hbox (badness 10000) in paragraph at lines 370--371

 []


Underfull \hbox (badness 10000) in paragraph at lines 372--373

 []

<simple_transformer.png, id=921, 538.26094pt x 271.0125pt>
File: simple_transformer.png Graphic file (type png)
<use simple_transformer.png>
Package pdftex.def Info: simple_transformer.png  used on input line 377.
(pdftex.def)             Requested size: 296.04443pt x 149.05733pt.
<full_transformer.png, id=923, 715.17188pt x 608.2725pt>
File: full_transformer.png Graphic file (type png)
<use full_transformer.png>
Package pdftex.def Info: full_transformer.png  used on input line 386.
(pdftex.def)             Requested size: 286.06367pt x 243.30469pt.
<enc_transformer.png, id=927, 721.19438pt x 590.205pt>
File: enc_transformer.png Graphic file (type png)
<use enc_transformer.png>
Package pdftex.def Info: enc_transformer.png  used on input line 396.
(pdftex.def)             Requested size: 288.47264pt x 236.0778pt.

Underfull \vbox (badness 10000) has occurred while \output is active []

 [51]
[52 <./simple_transformer.png> <./full_transformer.png>]
<dec_transformer.png, id=942, 854.44218pt x 615.80063pt>
File: dec_transformer.png Graphic file (type png)
<use dec_transformer.png>
Package pdftex.def Info: dec_transformer.png  used on input line 406.
(pdftex.def)             Requested size: 341.77081pt x 246.31589pt.
 [53 <./enc_transformer.png>]
Underfull \hbox (badness 10000) in paragraph at lines 413--414

 []

[54 <./dec_transformer.png>]

LaTeX Warning: Command \textquoteright invalid in math mode on input line 424.


LaTeX Warning: Command \textquoteright invalid in math mode on input line 424.


Underfull \hbox (badness 10000) in paragraph at lines 433--434

 []


Overfull \hbox (3.8315pt too wide) in paragraph at lines 435--437
\T1/opensans-TOsF/m/sc/10.95 d'avoir un tri-plet de fonc-tions de pro-jec-tion 
$\OML/cmm/m/it/10.95 Q; K; V$ \T1/opensans-TOsF/m/sc/10.95 nous dis-po-sons de 
$\OML/cmm/m/it/10.95 h$ \T1/opensans-TOsF/m/sc/10.95 tri-plets $\OT1/cmr/m/n/10
.95 (\OML/cmm/m/it/10.95 Q[]; K[]; V[]\OT1/cmr/m/n/10.95 )[]$\T1/opensans-TOsF/
m/sc/10.95 .
 []


Overfull \hbox (0.42383pt too wide) in paragraph at lines 446--448
[]\T1/opensans-TOsF/m/sc/10.95 En pra-tique, on dis-pose donc de $\OML/cmm/m/it
/10.95 h$ \T1/opensans-TOsF/m/sc/10.95 tri-plets de sé-quences $\OT1/cmr/m/n/10
.95 (\OMS/cmsy/m/n/10.95 Q[]\OML/cmm/m/it/10.95 ; \OMS/cmsy/m/n/10.95 K[]\OML/c
mm/m/it/10.95 ; \OMS/cmsy/m/n/10.95 V[]\OT1/cmr/m/n/10.95 )[]$\T1/opensans-TOsF
/m/sc/10.95 . Le cal-cul de chaque
 []


LaTeX Warning: Command \textquoteright invalid in math mode on input line 448.


LaTeX Warning: Command \textquoteright invalid in math mode on input line 448.


Underfull \hbox (badness 10000) in paragraph at lines 454--456

 []


Underfull \hbox (badness 10000) in paragraph at lines 457--458

 []


Overfull \hbox (20.01668pt too wide) in paragraph at lines 459--460
\T1/opensans-TOsF/m/sc/10.95 tan-dis que l'en-semble des paires clé-valeur est 
gé-néré par la source, soit $[][] \OT1/cmr/m/n/10.95 = \OMS/cmsy/m/n/10.95 f\OT
1/cmr/m/n/10.95 (\OML/cmm/m/it/10.95 K[]\OT1/cmr/m/n/10.95 (\OML/cmm/m/it/10.95
 y[]\OT1/cmr/m/n/10.95 )\OML/cmm/m/it/10.95 ; V[]\OT1/cmr/m/n/10.95 (\OML/cmm/m
/it/10.95 y[]\OT1/cmr/m/n/10.95 ))\OMS/cmsy/m/n/10.95 g[]$\T1/opensans-TOsF/m/s
c/10.95 .
 []


Underfull \hbox (badness 10000) in paragraph at lines 459--460

 []

[55]
<cross_attention.png, id=977, 1087.06125pt x 599.23875pt>
File: cross_attention.png Graphic file (type png)
<use cross_attention.png>
Package pdftex.def Info: cross_attention.png  used on input line 463.
(pdftex.def)             Requested size: 434.81679pt x 239.69125pt.

Overfull \hbox (4.04698pt too wide) in paragraph at lines 469--470
[]\T1/opensans-TOsF/m/sc/10.95 Deuxièmement, lorsque l'ob-jec-tif est d'en-ri-c
hir une sé-quence $\OT1/cmr/m/n/10.95 (\OML/cmm/m/it/10.95 x[]\OT1/cmr/m/n/10.9
5 )[]$ \T1/opensans-TOsF/m/sc/10.95 par son propre contexte,
 []


Underfull \hbox (badness 10000) in paragraph at lines 469--470

 []

[56 <./cross_attention.png>]
Underfull \hbox (badness 10000) in paragraph at lines 477--479

 []

<self_attention.png, id=990, 1090.82532pt x 588.69937pt>
File: self_attention.png Graphic file (type png)
<use self_attention.png>
Package pdftex.def Info: self_attention.png  used on input line 485.
(pdftex.def)             Requested size: 436.3224pt x 235.47557pt.
[57] [58 <./self_attention.png>] [59])
Overfull \hbox (9.34111pt too wide) in paragraph at lines 518--256
\T1/opensans-TOsF/m/sc/10.95 plexes non-locales et ap-prendre la fonc-tion de t
rans-fert glo-bale du si-mu-la-teur sans les contraintes
 []

[60]
\openout2 = `EUSIPCO.aux'.

 (EUSIPCO.tex
Chapitre 4.

Overfull \hbox (16.95181pt too wide) in paragraph at lines 1--1
|[]\T1/opensans-TOsF/b/n/24.88 L'ordonnancement su-per-visé comme
 []


Underfull \hbox (badness 10000) in paragraph at lines 2--3

 []


Underfull \hbox (badness 10000) in paragraph at lines 4--5

 []


Underfull \hbox (badness 10000) in paragraph at lines 9--10

 []

<DNApb.png, id=1044, 916.1728pt x 201.00093pt>
File: DNApb.png Graphic file (type png)
<use DNApb.png>
Package pdftex.def Info: DNApb.png  used on input line 14.
(pdftex.def)             Requested size: 412.27396pt x 90.44957pt.

Underfull \hbox (badness 10000) in paragraph at lines 20--21

 []


Underfull \hbox (badness 10000) in paragraph at lines 22--23

 []

[61




 <./DNApb.png>]
Underfull \hbox (badness 10000) in paragraph at lines 24--25

 []


Underfull \hbox (badness 10000) in paragraph at lines 26--28

 []


Underfull \hbox (badness 10000) in paragraph at lines 29--30

 []


Underfull \vbox (badness 10000) has occurred while \output is active []

 [62]
Underfull \hbox (badness 10000) in paragraph at lines 43--44

 []


Underfull \hbox (badness 10000) in paragraph at lines 58--59

 []

<Sorting.png, id=1077, 657.05475pt x 386.6445pt>
File: Sorting.png Graphic file (type png)
<use Sorting.png>
Package pdftex.def Info: Sorting.png  used on input line 62.
(pdftex.def)             Requested size: 361.38123pt x 212.65512pt.
[63]
Overfull \hbox (1.94693pt too wide) in paragraph at lines 73--74
[]\T1/opensans-TOsF/m/sc/10.95 Pour ca-rac-té-ri-ser cette me-sure de dif-fi-cu
lté, nous dé-fi-nis-sons deux mé-triques in-ter-mé-diaires
 []


Underfull \hbox (badness 10000) in paragraph at lines 78--79

 []


Overfull \hbox (21.80388pt too wide) in paragraph at lines 80--81
\T1/opensans-TOsF/m/sc/10.95 fixée pour la gé-né-ra-tion des don-nées, cor-res-
pon-dant à l'in-ter-valle dans le-quel les $\OML/cmm/m/it/10.95 ^^V[]$ \T1/open
sans-TOsF/m/sc/10.95 sont contraintes
 []


Underfull \hbox (badness 10000) in paragraph at lines 80--81

 []


Overfull \hbox (1.82877pt too wide) in paragraph at lines 82--83
[]\T1/opensans-TOsF/m/sc/10.95 Nous pou-vons à pré-sent in-tro-duire le \T1/ope
nsans-TOsF/b/n/10.95 ra-tio de sé-pa-ra-bi-lité $\OML/cmm/m/it/10.95 r$ \T1/ope
nsans-TOsF/m/sc/10.95 d'une sé-quence, dé-fi-nit comme
 []

[64 <./Sorting.png>]
Underfull \hbox (badness 10000) in paragraph at lines 93--94

 []


Overfull \hbox (20.36792pt too wide) in paragraph at lines 118--118
|[]\T1/opensans-TOsF/b/n/17.28 Stratégie d'ap-pren-tis-sage et ar-chi-tec-tures
 neu-ro-nales| 
 []

[65]
Underfull \hbox (badness 10000) in paragraph at lines 147--148

 []

[66]
LaTeX Font Info:    Trying to load font information for U+dsrom on input line 1
57.

(C:\Users\Matth\AppData\Local\Programs\MiKTeX\tex/latex/doublestroke\udsrom.fd
File: Udsrom.fd 1995/08/01 v0.1 Double stroke roman font definitions
)
Underfull \hbox (badness 10000) in paragraph at lines 168--169

 []


Underfull \hbox (badness 10000) in paragraph at lines 170--171

 []


Underfull \hbox (badness 10000) in paragraph at lines 172--173

 []


Overfull \hbox (133.02666pt too wide) in paragraph at lines 174--175
\T1/opensans-TOsF/m/sc/10.95 tra-vers 9 fe-nêtres suc-ces-sives, sui-vant la su
ite de va-leurs $\OML/cmm/m/it/10.95 ^^U \OMS/cmsy/m/n/10.95 2 \OT1/cmr/m/n/10.
95 [1; 3\OML/cmm/m/it/10.95 :\OT1/cmr/m/n/10.95 10[]; 1\OML/cmm/m/it/10.95 :\OT
1/cmr/m/n/10.95 10[]; 3\OML/cmm/m/it/10.95 :\OT1/cmr/m/n/10.95 10[]; 1\OML/cmm/
m/it/10.95 :\OT1/cmr/m/n/10.95 10[]; 3\OML/cmm/m/it/10.95 :\OT1/cmr/m/n/10.95 1
0[]; 1\OML/cmm/m/it/10.95 :\OT1/cmr/m/n/10.95 10[]; 3\OML/cmm/m/it/10.95 :\OT1/
cmr/m/n/10.95 10[]; 1\OML/cmm/m/it/10.95 :\OT1/cmr/m/n/10.95 10[]]$\T1/opensans
-TOsF/m/sc/10.95 ,
 []

[67]
Overfull \hbox (1.17519pt too wide) in paragraph at lines 180--181
[]\T1/opensans-TOsF/m/sc/10.95 Cette sec-tion pré-sente l'éva-lua-tion des per-
for-mances des mo-dèles sur la tâche de tri continu. 
 []

<CartoBaseline.png, id=1118, 864.831pt x 397.485pt>
File: CartoBaseline.png Graphic file (type png)
<use CartoBaseline.png>
Package pdftex.def Info: CartoBaseline.png  used on input line 190.
(pdftex.def)             Requested size: 345.92627pt x 158.99118pt.
[68]
Underfull \hbox (badness 10000) in paragraph at lines 200--201

 []


Underfull \hbox (badness 10000) in paragraph at lines 202--203

 []

[69 <./CartoBaseline.png>]
<PerfBaseline.png, id=1133, 462.528pt x 238.491pt>
File: PerfBaseline.png Graphic file (type png)
<use PerfBaseline.png>
Package pdftex.def Info: PerfBaseline.png  used on input line 208.
(pdftex.def)             Requested size: 370.02289pt x 190.79305pt.

Underfull \hbox (badness 10000) in paragraph at lines 215--216

 []


Underfull \hbox (badness 10000) in paragraph at lines 217--218

 []

[70 <./PerfBaseline.png>]
<CartoMethod.png, id=1141, 1377.948pt x 712.46175pt>
File: CartoMethod.png Graphic file (type png)
<use CartoMethod.png>
Package pdftex.def Info: CartoMethod.png  used on input line 221.
(pdftex.def)             Requested size: 413.38759pt x 213.74017pt.
<PerfMethod.png, id=1143, 462.528pt x 250.0542pt>
File: PerfMethod.png Graphic file (type png)
<use PerfMethod.png>
Package pdftex.def Info: PerfMethod.png  used on input line 231.
(pdftex.def)             Requested size: 370.02289pt x 200.04361pt.

Underfull \hbox (badness 10000) in paragraph at lines 238--239

 []

[71 <./CartoMethod.png>]) [72 <./PerfMethod.png>]
\openout2 = `GrosTAF.aux'.

 (GrosTAF.tex [73




] [74

]
Chapitre 5.

Overfull \hbox (0.39017pt too wide) in paragraph at lines 29--29
|[]\T1/opensans-TOsF/b/n/24.88 L'approche sé-quence vers sé-quence| 
 []


Underfull \hbox (badness 10000) in paragraph at lines 30--31

 []

<IOsimpleexemple.png, id=1173, 1300.1072pt x 544.28343pt>
File: IOsimpleexemple.png Graphic file (type png)
<use IOsimpleexemple.png>
Package pdftex.def Info: IOsimpleexemple.png  used on input line 34.
(pdftex.def)             Requested size: 455.04433pt x 190.50204pt.

Underfull \hbox (badness 10000) in paragraph at lines 40--41

 []

[75 <./IOsimpleexemple.png>] [76]
Underfull \hbox (badness 10000) in paragraph at lines 64--65

 []


Underfull \hbox (badness 10000) in paragraph at lines 73--74

 []


Underfull \vbox (badness 1430) has occurred while \output is active []

 [77]
[78]) [79] [80] [81]
\openout2 = `Stage.aux'.

 (Stage.tex [82




]
Chapitre 6.
[83]
Overfull \hbox (2.4456pt too wide) in paragraph at lines 22--23
[]\T1/opensans-TOsF/b/n/10.95 L'émission d'une im-pul-sion in-ter-cep-tée \T1/o
pensans-TOsF/m/sc/10.95 pro-voque la li-bé-ra-tion de res-sources mé-moires. 
 []


LaTeX Warning: Reference `fig:window' on page 84 undefined on input line 24.

[84]
Underfull \hbox (badness 10000) in paragraph at lines 54--55

 []

[85] [86]
Underfull \hbox (badness 10000) in paragraph at lines 90--92

 []


Underfull \hbox (badness 10000) in paragraph at lines 93--94

 []


Underfull \hbox (badness 10000) in paragraph at lines 96--98

 []

[87]
Underfull \hbox (badness 10000) in paragraph at lines 101--103

 []


Overfull \hbox (19.2503pt too wide) in paragraph at lines 111--112
[]\T1/opensans-TOsF/m/sc/10.95 Comme abordé pré-cé-dem-ment, l'ap-proche flux-à
-flux né-ces-site la ges-tion de plu-sieurs masques
 []

[88]
Underfull \hbox (badness 10000) in paragraph at lines 115--116

 []


Overfull \hbox (1.12756pt too wide) in paragraph at lines 122--140
 [][] 
 []


Overfull \hbox (22.70714pt too wide) in paragraph at lines 144--144
|[]\T1/opensans-TOsF/b/n/17.28 Validation de l'ap-proche sur ar-chi-tec-tures r
é-cur-rentes| 
 []

[89]
Underfull \hbox (badness 10000) in paragraph at lines 157--158

 []

<compareRNN.png, id=1296, 1199.23032pt x 385.44pt>
File: compareRNN.png Graphic file (type png)
<use compareRNN.png>
Package pdftex.def Info: compareRNN.png  used on input line 164.
(pdftex.def)             Requested size: 419.73691pt x 134.90602pt.

Underfull \hbox (badness 10000) in paragraph at lines 171--173

 []


LaTeX Warning: `h' float specifier changed to `ht'.


Underfull \hbox (badness 10000) in paragraph at lines 191--192

 []

[90]
Underfull \hbox (badness 10000) in paragraph at lines 193--194

 []


LaTeX Warning: `h' float specifier changed to `ht'.


Underfull \hbox (badness 10000) in paragraph at lines 212--213

 []

[91 <./compareRNN.png>]
<genRNN.png, id=1318, 886.81313pt x 316.18124pt>
File: genRNN.png Graphic file (type png)
<use genRNN.png>
Package pdftex.def Info: genRNN.png  used on input line 216.
(pdftex.def)             Requested size: 443.40547pt x 158.09023pt.

Underfull \hbox (badness 10000) in paragraph at lines 225--226

 []


Underfull \vbox (badness 10000) has occurred while \output is active []

 [92 <./genRNN.png>]
<enc_transformer_lin.png, id=1330, 721.19438pt x 590.205pt>
File: enc_transformer_lin.png Graphic file (type png)
<use enc_transformer_lin.png>
Package pdftex.def Info: enc_transformer_lin.png  used on input line 237.
(pdftex.def)             Requested size: 288.47264pt x 236.0778pt.

Underfull \hbox (badness 10000) in paragraph at lines 245--246

 []

[93]
Underfull \hbox (badness 10000) in paragraph at lines 250--251

 []

<TCN.png, id=1342, 1333.23094pt x 522.45187pt>
File: TCN.png Graphic file (type png)
<use TCN.png>
Package pdftex.def Info: TCN.png  used on input line 254.
(pdftex.def)             Requested size: 466.63782pt x 182.86089pt.

Overfull \hbox (11.3937pt too wide) in paragraph at lines 254--255
 [] 
 []

[94 <./enc_transformer_lin.png>]
Underfull \hbox (badness 10000) in paragraph at lines 266--267

 []

[95 <./TCN.png>]
Underfull \hbox (badness 10000) in paragraph at lines 281--282

 []

<LinProcess.png, id=1362, 764.10469pt x 514.17094pt>
File: LinProcess.png Graphic file (type png)
<use LinProcess.png>
Package pdftex.def Info: LinProcess.png  used on input line 287.
(pdftex.def)             Requested size: 420.25888pt x 282.79489pt.

Underfull \hbox (badness 10000) in paragraph at lines 319--320

 []


Underfull \vbox (badness 1297) has occurred while \output is active []

 [96]
[97 <./LinProcess.png>]
Underfull \hbox (badness 10000) in paragraph at lines 334--335

 []


Underfull \hbox (badness 10000) in paragraph at lines 348--349

 []

[98]
Overfull \hbox (4.06923pt too wide) in paragraph at lines 377--378
[]\T1/opensans-TOsF/m/sc/10.95 Cette sec-tion pré-sente les per-for-mances com-
pa-rées des trois ar-chi-tec-tures (GRU, TCN, Trans-
 []

[99]
Underfull \hbox (badness 10000) in paragraph at lines 397--398

 []


Overfull \hbox (9.40222pt too wide) in paragraph at lines 401--410
 [][] 
 []


Overfull \hbox (6.79599pt too wide) in paragraph at lines 414--415
[]\T1/opensans-TOsF/m/sc/10.95 On ob-serve que l'ar-chi-tec-ture Trans-for-mer 
offre la meilleure fi-dé-lité de re-cons-truc-tion ($\OMS/cmsy/m/n/10.95 L[] \O
T1/cmr/m/n/10.95 =
 []


Underfull \hbox (badness 10000) in paragraph at lines 414--415

 []


Underfull \hbox (badness 10000) in paragraph at lines 420--421

 []

[100]
Underfull \hbox (badness 10000) in paragraph at lines 469--470

 []

[101]) [102]
Overfull \hbox (3.5296pt too wide) in paragraph at lines 265--265
\T1/opensans-TOsF/m/sc/12 Ar-tech, 2001. url : [][]$\T1/cmtt/m/n/12 https : / /
 ieeexplore . ieee . org / abstract / document / 9101100/$[][]
 []


Overfull \hbox (1.99551pt too wide) in paragraph at lines 265--265
\T1/cmtt/m/n/12 Virtual + Reality+ : +Interface ,[] +Application ,[] +and + Des
ign & ots = QT0icdfR4U &
 []


Overfull \hbox (26.7801pt too wide) in paragraph at lines 265--265
\T1/cmtt/m/n/12 Modelica & ots = cZ60scKEkN & sig = SxTVWzN56d47byaUV6l _ Qq0vZ
oE$[][] \T1/opensans-TOsF/m/sc/12 (vi-sité le 26/11/2025). 
 []

[103



]
Overfull \hbox (8.75963pt too wide) in paragraph at lines 265--265
\T1/cmtt/m/n/12 20for % 20Real -[] Time % 20Radiance % 20Field % 20Rendering . 
pdf$[][] \T1/opensans-TOsF/m/sc/12 (vi-sité le 26/11/2025). 
 []

[104]
Overfull \hbox (38.53647pt too wide) in paragraph at lines 265--265
\T1/cmtt/m/n/12 / / proceedings . neurips . cc / paper / 2019 / hash / 26cd8eca
dce0d4efd6cc8a8725cbd1f8 -[]
 []


Overfull \hbox (236.08823pt too wide) in paragraph at lines 265--265
\T1/cmtt/m/n/12 token = uxVzaLwHPRIAAAAA : ABf8yG3mit_ -[] tnl5ZCgrjrpH2A _ BCl
8nsu5zAdIGdvnCQ2HUA0cQqPyuGJEWgDg4MSMrH4DvTYUcfmSITqw$[][]
 []

[105]
Overfull \hbox (131.8595pt too wide) in paragraph at lines 265--265
\T1/opensans-TOsF/m/sc/12 (2019). url : [][]$\T1/cmtt/m/n/12 https : / / procee
dings . neurips . cc / paper / 2019 / hash / 5f8e2fa1718d1bbcadf1cd9c7a54fb8c -
[]
 []


Overfull \hbox (8.59756pt too wide) in paragraph at lines 265--265
[]\T1/opensans-TOsF/m/sc/12 David []Ha []et Jür-gen []Schmidhuber[]. ``World mo
-dels''. In : \T1/opensans-TOsF/m/it/12 arXiv pre-print arXiv :1803.10122
 []


Overfull \hbox (125.87567pt too wide) in paragraph at lines 265--265
\T1/opensans-TOsF/m/sc/12 6851. url : [][]$\T1/cmtt/m/n/12 https : / / proceedi
ngs . neurips . cc / paper / 2020 / hash / 4c5bcfec8584af0d967f1ab10179ca4b -[]

 []

[106]
Overfull \hbox (9.38358pt too wide) in paragraph at lines 265--265
[]\T1/opensans-TOsF/m/sc/12 Alec []Radford []et al. ``Im-pro-ving lan-guage un-
ders-tan-ding by ge-ne-ra-tive pre-training''.
 []

[107]
Overfull \hbox (2.58614pt too wide) in paragraph at lines 265--265
\T1/cmtt/m/n/12 hash / c399862d3b9d6b76c8436e924a68c45b -[] Abstract . html$[][
] \T1/opensans-TOsF/m/sc/12 (vi-sité le 26/11/2025). 
 []


Overfull \hbox (4.18068pt too wide) in paragraph at lines 265--265
[]\T1/opensans-TOsF/m/sc/12 Karen []Simonyan []et An-drew []Zisserman[]. \T1/op
ensans-TOsF/m/it/12 Very Deep Convo-lu-tio-nal Net-works for Large-
 []

[108]
Overfull \hbox (3.4385pt too wide) in paragraph at lines 265--265
[]\T1/opensans-TOsF/m/sc/12 Du []Tran []et al. ``Lear-ning spa-tio-tem-po-ral f
ea-tures with 3d convo-lu-tio-nal net-works''.
 []


Overfull \hbox (5.80925pt too wide) in paragraph at lines 265--265
\T1/opensans-TOsF/m/sc/12 In : \T1/opensans-TOsF/m/it/12 Pro-cee-dings of the I
EEE in-ter-na-tio-nal confe-rence on com-pu-ter vi-sion\T1/opensans-TOsF/m/sc/1
2 . 2015, p. 4489-
 []


Overfull \hbox (75.57742pt too wide) in paragraph at lines 265--265
[][]$\T1/cmtt/m/n/12 https : / / proceedings . neurips . cc / paper / 2017 / ha
sh / 5dd9db5e033da9c6fb5ba83c7a7ebea9 -[]
 []

[109] [110]
Overfull \hbox (26.18948pt too wide) in paragraph at lines 265--265
\T1/cmtt/m/n/12 neurips . cc / paper _ files / paper / 2015 / hash / 29921001f2
f04bd3baee84a12e98098f -[]
 []


Overfull \hbox (36.11096pt too wide) in paragraph at lines 265--265
\T1/opensans-TOsF/m/it/12 no-lo-gies, vo-lume 1 (long and short pa-pers)\T1/ope
nsans-TOsF/m/sc/12 . 2019, p. 4171-4186. url : [][]$\T1/cmtt/m/n/12 https : / /
 aclanthology .
 []


Overfull \hbox (186.70029pt too wide) in paragraph at lines 265--265
\T1/cmtt/m/n/12 medium = email & _hsenc = p2ANqtz -[] _m9bbH _ 7ECE1h3lZ3D61TYg
52rKpifVNjL4fvJ85uqggrXsWDBTB7YooFLJeNXHWqhvOyC$[][]
 []


Overfull \hbox (1.2874pt too wide) in paragraph at lines 265--265
\T1/opensans-TOsF/m/it/12 in-for-ma-tion pro-ces-sing sys-tems \T1/opensans-TOs
F/m/sc/12 33 (2020), p. 1877-1901. url : [][]$\T1/cmtt/m/n/12 https : / / proce
edings .
 []


Overfull \hbox (26.18948pt too wide) in paragraph at lines 265--265
\T1/cmtt/m/n/12 neurips . cc / paper _ files / paper / 2020 / hash / 1457c0d6bf
cb4967418bfb8ac142f64a -[]
 []

[111]
Overfull \hbox (132.3383pt too wide) in paragraph at lines 265--265
\T1/opensans-TOsF/m/sc/12 15097. url : [][]$\T1/cmtt/m/n/12 https : / / proceed
ings . neurips . cc / paper / 2021 / hash / 7f489f642a0ddb10272b5c31057f0663 -[
]
 []


Overfull \hbox (8.09929pt too wide) in paragraph at lines 265--265
\T1/opensans-TOsF/m/sc/12 p. 1508-1515. url : [][]$\T1/cmtt/m/n/12 https : / / 
ieeexplore . ieee . org / abstract / document / 10825633/$[][]
 []

[112] [113] (Modele_These_UParisSaclay_2022.aux (Introduction.aux)
(Problematique.aux) (Etat de l art.aux) (EUSIPCO.aux) (GrosTAF.aux) (Stage.aux)
)
 ***********
LaTeX2e <2025-11-01>
L3 programming layer <2025-10-24>
 ***********


LaTeX Font Warning: Some font shapes were not available, defaults substituted.


LaTeX Warning: There were undefined references.

Package rerunfilecheck Info: File `Modele_These_UParisSaclay_2022.out' has not 
changed.
(rerunfilecheck)             Checksum: A76676B7525AD3A620373118BFF370ED;24470.
Package logreq Info: Writing requests to 'Modele_These_UParisSaclay_2022.run.xm
l'.
\openout1 = `Modele_These_UParisSaclay_2022.run.xml'.

 ) 
Here is how much of TeX's memory you used:
 36636 strings out of 467871
 710766 string characters out of 5418375
 1676970 words of memory out of 5000000
 64463 multiletter control sequences out of 15000+600000
 655518 words of font info for 125 fonts, out of 8000000 for 9000
 1141 hyphenation exceptions out of 8191
 102i,19n,117p,2577b,2269s stack positions out of 10000i,1000n,20000p,200000b,200000s
 <C:\Users\Matth\AppData\Local\MiKTeX\fonts/pk/ljfour/jknappen/ec/dpi600\ectt
1095.pk> <C:\Users\Matth\AppData\Local\MiKTeX\fonts/pk/ljfour/jknappen/ec/dpi60
0\ectt1200.pk><C:/Users/Matth/AppData/Local/Programs/MiKTeX/fonts/type1/ascende
r/opensans/OpenSans-Bold.pfb><C:/Users/Matth/AppData/Local/Programs/MiKTeX/font
s/type1/ascender/opensans/OpenSans-Italic.pfb><C:/Users/Matth/AppData/Local/Pro
grams/MiKTeX/fonts/type1/ascender/opensans/OpenSans-Regular.pfb><C:/Users/Matth
/AppData/Local/Programs/MiKTeX/fonts/type1/public/amsfonts/cm/cmbx10.pfb><C:/Us
ers/Matth/AppData/Local/Programs/MiKTeX/fonts/type1/public/amsfonts/cm/cmbx8.pf
b><C:/Users/Matth/AppData/Local/Programs/MiKTeX/fonts/type1/public/amsfonts/cm/
cmex10.pfb><C:/Users/Matth/AppData/Local/Programs/MiKTeX/fonts/type1/public/ams
fonts/cmextra/cmex8.pfb><C:/Users/Matth/AppData/Local/Programs/MiKTeX/fonts/typ
e1/public/amsfonts/cm/cmmi10.pfb><C:/Users/Matth/AppData/Local/Programs/MiKTeX/
fonts/type1/public/amsfonts/cm/cmmi12.pfb><C:/Users/Matth/AppData/Local/Program
s/MiKTeX/fonts/type1/public/amsfonts/cm/cmmi6.pfb><C:/Users/Matth/AppData/Local
/Programs/MiKTeX/fonts/type1/public/amsfonts/cm/cmmi8.pfb><C:/Users/Matth/AppDa
ta/Local/Programs/MiKTeX/fonts/type1/public/amsfonts/cm/cmmib10.pfb><C:/Users/M
atth/AppData/Local/Programs/MiKTeX/fonts/type1/public/amsfonts/cm/cmr10.pfb><C:
/Users/Matth/AppData/Local/Programs/MiKTeX/fonts/type1/public/amsfonts/cm/cmr12
.pfb><C:/Users/Matth/AppData/Local/Programs/MiKTeX/fonts/type1/public/amsfonts/
cm/cmr6.pfb><C:/Users/Matth/AppData/Local/Programs/MiKTeX/fonts/type1/public/am
sfonts/cm/cmr8.pfb><C:/Users/Matth/AppData/Local/Programs/MiKTeX/fonts/type1/pu
blic/amsfonts/cm/cmss10.pfb><C:/Users/Matth/AppData/Local/Programs/MiKTeX/fonts
/type1/public/amsfonts/cm/cmsy10.pfb><C:/Users/Matth/AppData/Local/Programs/MiK
TeX/fonts/type1/public/amsfonts/cm/cmsy6.pfb><C:/Users/Matth/AppData/Local/Prog
rams/MiKTeX/fonts/type1/public/amsfonts/cm/cmsy8.pfb><C:/Users/Matth/AppData/Lo
cal/Programs/MiKTeX/fonts/type1/public/doublestroke/dsrom10.pfb><C:/Users/Matth
/AppData/Local/Programs/MiKTeX/fonts/type1/public/amsfonts/symbols/msbm10.pfb>
Output written on Modele_These_UParisSaclay_2022.pdf (113 pages, 7908631 bytes)
.
PDF statistics:
 2001 PDF objects out of 2073 (max. 8388607)
 441 named destinations out of 1000 (max. 500000)
 861 words of extra memory for PDF output out of 10000 (max. 10000000)

